Archive member included to satisfy reference by file (symbol)

c:/cliontoolchains/gcc-arm-none-eabi-10.3-2021.10/bin/../lib/gcc/arm-none-eabi/10.3.1/thumb/v7e-m+fp/hard\libgcc.a(_arm_addsubdf3.o)
                              CMakeFiles/omni-infantry.elf.dir/component/algorithm/AHRS.c.obj (__aeabi_f2d)
c:/cliontoolchains/gcc-arm-none-eabi-10.3-2021.10/bin/../lib/gcc/arm-none-eabi/10.3.1/thumb/v7e-m+fp/hard\libgcc.a(_arm_truncdfsf2.o)
                              CMakeFiles/omni-infantry.elf.dir/component/algorithm/AHRS.c.obj (__aeabi_d2f)
c:/cliontoolchains/gcc-arm-none-eabi-10.3-2021.10/bin/../lib/gcc/arm-none-eabi/10.3.1/thumb/v7e-m+fp/hard\libgcc.a(_aeabi_uldivmod.o)
                              CMakeFiles/omni-infantry.elf.dir/Drivers/STM32F4xx_HAL_Driver/Src/stm32f4xx_hal_rcc.c.obj (__aeabi_uldivmod)
c:/cliontoolchains/gcc-arm-none-eabi-10.3-2021.10/bin/../lib/gcc/arm-none-eabi/10.3.1/thumb/v7e-m+fp/hard\libgcc.a(_udivmoddi4.o)
                              c:/cliontoolchains/gcc-arm-none-eabi-10.3-2021.10/bin/../lib/gcc/arm-none-eabi/10.3.1/thumb/v7e-m+fp/hard\libgcc.a(_aeabi_uldivmod.o) (__udivmoddi4)
c:/cliontoolchains/gcc-arm-none-eabi-10.3-2021.10/bin/../lib/gcc/arm-none-eabi/10.3.1/thumb/v7e-m+fp/hard\libgcc.a(_dvmd_tls.o)
                              c:/cliontoolchains/gcc-arm-none-eabi-10.3-2021.10/bin/../lib/gcc/arm-none-eabi/10.3.1/thumb/v7e-m+fp/hard\libgcc.a(_aeabi_uldivmod.o) (__aeabi_ldiv0)
c:/cliontoolchains/gcc-arm-none-eabi-10.3-2021.10/bin/../lib/gcc/arm-none-eabi/10.3.1/../../../../arm-none-eabi/lib/thumb/v7e-m+fp/hard\libg.a(lib_a-assert.o)
                              CMakeFiles/omni-infantry.elf.dir/component/algorithm/STL.c.obj (__assert_func)
c:/cliontoolchains/gcc-arm-none-eabi-10.3-2021.10/bin/../lib/gcc/arm-none-eabi/10.3.1/../../../../arm-none-eabi/lib/thumb/v7e-m+fp/hard\libg.a(lib_a-errno.o)
                              CMakeFiles/omni-infantry.elf.dir/Core/Src/syscalls.c.obj (__errno)
c:/cliontoolchains/gcc-arm-none-eabi-10.3-2021.10/bin/../lib/gcc/arm-none-eabi/10.3.1/../../../../arm-none-eabi/lib/thumb/v7e-m+fp/hard\libg.a(lib_a-exit.o)
                              c:/cliontoolchains/gcc-arm-none-eabi-10.3-2021.10/bin/../lib/gcc/arm-none-eabi/10.3.1/../../../../arm-none-eabi/lib/thumb/v7e-m+fp/hard/crt0.o (exit)
c:/cliontoolchains/gcc-arm-none-eabi-10.3-2021.10/bin/../lib/gcc/arm-none-eabi/10.3.1/../../../../arm-none-eabi/lib/thumb/v7e-m+fp/hard\libg.a(lib_a-fiprintf.o)
                              c:/cliontoolchains/gcc-arm-none-eabi-10.3-2021.10/bin/../lib/gcc/arm-none-eabi/10.3.1/../../../../arm-none-eabi/lib/thumb/v7e-m+fp/hard\libg.a(lib_a-assert.o) (fiprintf)
c:/cliontoolchains/gcc-arm-none-eabi-10.3-2021.10/bin/../lib/gcc/arm-none-eabi/10.3.1/../../../../arm-none-eabi/lib/thumb/v7e-m+fp/hard\libg.a(lib_a-impure.o)
                              c:/cliontoolchains/gcc-arm-none-eabi-10.3-2021.10/bin/../lib/gcc/arm-none-eabi/10.3.1/../../../../arm-none-eabi/lib/thumb/v7e-m+fp/hard\libg.a(lib_a-exit.o) (_global_impure_ptr)
c:/cliontoolchains/gcc-arm-none-eabi-10.3-2021.10/bin/../lib/gcc/arm-none-eabi/10.3.1/../../../../arm-none-eabi/lib/thumb/v7e-m+fp/hard\libg.a(lib_a-init.o)
                              c:/cliontoolchains/gcc-arm-none-eabi-10.3-2021.10/bin/../lib/gcc/arm-none-eabi/10.3.1/../../../../arm-none-eabi/lib/thumb/v7e-m+fp/hard/crt0.o (__libc_init_array)
c:/cliontoolchains/gcc-arm-none-eabi-10.3-2021.10/bin/../lib/gcc/arm-none-eabi/10.3.1/../../../../arm-none-eabi/lib/thumb/v7e-m+fp/hard\libg.a(lib_a-malloc.o)
                              CMakeFiles/omni-infantry.elf.dir/component/algorithm/STL.c.obj (malloc)
c:/cliontoolchains/gcc-arm-none-eabi-10.3-2021.10/bin/../lib/gcc/arm-none-eabi/10.3.1/../../../../arm-none-eabi/lib/thumb/v7e-m+fp/hard\libg.a(lib_a-mallocr.o)
                              c:/cliontoolchains/gcc-arm-none-eabi-10.3-2021.10/bin/../lib/gcc/arm-none-eabi/10.3.1/../../../../arm-none-eabi/lib/thumb/v7e-m+fp/hard\libg.a(lib_a-malloc.o) (_malloc_r)
c:/cliontoolchains/gcc-arm-none-eabi-10.3-2021.10/bin/../lib/gcc/arm-none-eabi/10.3.1/../../../../arm-none-eabi/lib/thumb/v7e-m+fp/hard\libg.a(lib_a-memcpy.o)
                              CMakeFiles/omni-infantry.elf.dir/Middlewares/Third_Party/FreeRTOS/Source/queue.c.obj (memcpy)
c:/cliontoolchains/gcc-arm-none-eabi-10.3-2021.10/bin/../lib/gcc/arm-none-eabi/10.3.1/../../../../arm-none-eabi/lib/thumb/v7e-m+fp/hard\libg.a(lib_a-memset.o)
                              c:/cliontoolchains/gcc-arm-none-eabi-10.3-2021.10/bin/../lib/gcc/arm-none-eabi/10.3.1/../../../../arm-none-eabi/lib/thumb/v7e-m+fp/hard/crt0.o (memset)
c:/cliontoolchains/gcc-arm-none-eabi-10.3-2021.10/bin/../lib/gcc/arm-none-eabi/10.3.1/../../../../arm-none-eabi/lib/thumb/v7e-m+fp/hard\libg.a(lib_a-mlock.o)
                              c:/cliontoolchains/gcc-arm-none-eabi-10.3-2021.10/bin/../lib/gcc/arm-none-eabi/10.3.1/../../../../arm-none-eabi/lib/thumb/v7e-m+fp/hard\libg.a(lib_a-mallocr.o) (__malloc_lock)
[...]
Memory Configuration

Name             Origin             Length             Attributes
CCMRAM           0x10000000         0x00010000         xrw
RAM              0x20000000         0x00020000         xrw
FLASH            0x08000000         0x00100000         xr
*default*        0x00000000         0xffffffff

Linker script and memory map

LOAD c:/cliontoolchains/gcc-arm-none-eabi-10.3-2021.10/bin/../lib/gcc/arm-none-eabi/10.3.1/thumb/v7e-m+fp/hard/crti.o
LOAD c:/cliontoolchains/gcc-arm-none-eabi-10.3-2021.10/bin/../lib/gcc/arm-none-eabi/10.3.1/thumb/v7e-m+fp/hard/crtbegin.o
LOAD c:/cliontoolchains/gcc-arm-none-eabi-10.3-2021.10/bin/../lib/gcc/arm-none-eabi/10.3.1/../../../../arm-none-eabi/lib/thumb/v7e-m+fp/hard/crt0.o
LOAD CMakeFiles/omni-infantry.elf.dir/Core/Src/adc.c.obj
LOAD CMakeFiles/omni-infantry.elf.dir/Core/Src/can.c.obj
LOAD CMakeFiles/omni-infantry.elf.dir/Core/Src/crc.c.obj
LOAD CMakeFiles/omni-infantry.elf.dir/Core/Src/dma.c.obj
LOAD CMakeFiles/omni-infantry.elf.dir/Core/Src/freertos.c.obj
LOAD CMakeFiles/omni-infantry.elf.dir/Core/Src/gpio.c.obj
LOAD CMakeFiles/omni-infantry.elf.dir/Core/Src/main.c.obj
LOAD CMakeFiles/omni-infantry.elf.dir/Core/Src/rng.c.obj
LOAD CMakeFiles/omni-infantry.elf.dir/Core/Src/spi.c.obj
LOAD CMakeFiles/omni-infantry.elf.dir/Core/Src/stm32f4xx_hal_msp.c.obj
LOAD CMakeFiles/omni-infantry.elf.dir/Core/Src/stm32f4xx_it.c.obj
LOAD CMakeFiles/omni-infantry.elf.dir/Core/Src/syscalls.c.obj
LOAD CMakeFiles/omni-infantry.elf.dir/Core/Src/sysmem.c.obj
LOAD CMakeFiles/omni-infantry.elf.dir/Core/Src/system_stm32f4xx.c.obj
LOAD CMakeFiles/omni-infantry.elf.dir/Core/Src/tim.c.obj
LOAD CMakeFiles/omni-infantry.elf.dir/Core/Src/usart.c.obj
LOAD CMakeFiles/omni-infantry.elf.dir/Core/Startup/startup_stm32f407ighx.s.obj
LOAD CMakeFiles/omni-infantry.elf.dir/Drivers/STM32F4xx_HAL_Driver/Src/stm32f4xx_hal.c.obj
LOAD CMakeFiles/omni-infantry.elf.dir/Drivers/STM32F4xx_HAL_Driver/Src/stm32f4xx_hal_adc.c.obj
LOAD CMakeFiles/omni-infantry.elf.dir/Drivers/STM32F4xx_HAL_Driver/Src/stm32f4xx_hal_adc_ex.c.obj
LOAD CMakeFiles/omni-infantry.elf.dir/Drivers/STM32F4xx_HAL_Driver/Src/stm32f4xx_hal_can.c.obj
LOAD CMakeFiles/omni-infantry.elf.dir/Drivers/STM32F4xx_HAL_Driver/Src/stm32f4xx_hal_cortex.c.obj
LOAD CMakeFiles/omni-infantry.elf.dir/Drivers/STM32F4xx_HAL_Driver/Src/stm32f4xx_hal_crc.c.obj
LOAD CMakeFiles/omni-infantry.elf.dir/Drivers/STM32F4xx_HAL_Driver/Src/stm32f4xx_hal_dma.c.obj
LOAD CMakeFiles/omni-infantry.elf.dir/Drivers/STM32F4xx_HAL_Driver/Src/stm32f4xx_hal_dma_ex.c.obj
LOAD CMakeFiles/omni-infantry.elf.dir/Drivers/STM32F4xx_HAL_Driver/Src/stm32f4xx_hal_exti.c.obj
LOAD CMakeFiles/omni-infantry.elf.dir/Drivers/STM32F4xx_HAL_Driver/Src/stm32f4xx_hal_flash.c.obj
LOAD CMakeFiles/omni-infantry.elf.dir/Drivers/STM32F4xx_HAL_Driver/Src/stm32f4xx_hal_flash_ex.c.obj
LOAD CMakeFiles/omni-infantry.elf.dir/Drivers/STM32F4xx_HAL_Driver/Src/stm32f4xx_hal_flash_ramfunc.c.obj
LOAD CMakeFiles/omni-infantry.elf.dir/Drivers/STM32F4xx_HAL_Driver/Src/stm32f4xx_hal_gpio.c.obj
LOAD CMakeFiles/omni-infantry.elf.dir/Drivers/STM32F4xx_HAL_Driver/Src/stm32f4xx_hal_pcd.c.obj
LOAD CMakeFiles/omni-infantry.elf.dir/Drivers/STM32F4xx_HAL_Driver/Src/stm32f4xx_hal_pcd_ex.c.obj
LOAD CMakeFiles/omni-infantry.elf.dir/Drivers/STM32F4xx_HAL_Driver/Src/stm32f4xx_hal_pwr.c.obj
LOAD CMakeFiles/omni-infantry.elf.dir/Drivers/STM32F4xx_HAL_Driver/Src/stm32f4xx_hal_pwr_ex.c.obj
LOAD CMakeFiles/omni-infantry.elf.dir/Drivers/STM32F4xx_HAL_Driver/Src/stm32f4xx_hal_rcc.c.obj
LOAD CMakeFiles/omni-infantry.elf.dir/Drivers/STM32F4xx_HAL_Driver/Src/stm32f4xx_hal_rcc_ex.c.obj
LOAD CMakeFiles/omni-infantry.elf.dir/Drivers/STM32F4xx_HAL_Driver/Src/stm32f4xx_hal_rng.c.obj
LOAD CMakeFiles/omni-infantry.elf.dir/Drivers/STM32F4xx_HAL_Driver/Src/stm32f4xx_hal_spi.c.obj
LOAD CMakeFiles/omni-infantry.elf.dir/Drivers/STM32F4xx_HAL_Driver/Src/stm32f4xx_hal_tim.c.obj
LOAD CMakeFiles/omni-infantry.elf.dir/Drivers/STM32F4xx_HAL_Driver/Src/stm32f4xx_hal_tim_ex.c.obj
LOAD CMakeFiles/omni-infantry.elf.dir/Drivers/STM32F4xx_HAL_Driver/Src/stm32f4xx_hal_uart.c.obj
LOAD CMakeFiles/omni-infantry.elf.dir/Drivers/STM32F4xx_HAL_Driver/Src/stm32f4xx_ll_adc.c.obj
LOAD CMakeFiles/omni-infantry.elf.dir/Drivers/STM32F4xx_HAL_Driver/Src/stm32f4xx_ll_usb.c.obj
LOAD CMakeFiles/omni-infantry.elf.dir/Middlewares/ST/STM32_USB_Device_Library/Class/CDC/Src/usbd_cdc.c.obj
LOAD CMakeFiles/omni-infantry.elf.dir/Middlewares/ST/STM32_USB_Device_Library/Core/Src/usbd_core.c.obj
LOAD CMakeFiles/omni-infantry.elf.dir/Middlewares/ST/STM32_USB_Device_Library/Core/Src/usbd_ctlreq.c.obj
LOAD CMakeFiles/omni-infantry.elf.dir/Middlewares/ST/STM32_USB_Device_Library/Core/Src/usbd_ioreq.c.obj
LOAD CMakeFiles/omni-infantry.elf.dir/Middlewares/Third_Party/FreeRTOS/Source/CMSIS_RTOS/cmsis_os.c.obj
LOAD CMakeFiles/omni-infantry.elf.dir/Middlewares/Third_Party/FreeRTOS/Source/croutine.c.obj
LOAD CMakeFiles/omni-infantry.elf.dir/Middlewares/Third_Party/FreeRTOS/Source/event_groups.c.obj
LOAD CMakeFiles/omni-infantry.elf.dir/Middlewares/Third_Party/FreeRTOS/Source/list.c.obj
LOAD CMakeFiles/omni-infantry.elf.dir/Middlewares/Third_Party/FreeRTOS/Source/portable/GCC/ARM_CM4F/port.c.obj
LOAD CMakeFiles/omni-infantry.elf.dir/Middlewares/Third_Party/FreeRTOS/Source/portable/MemMang/heap_4.c.obj
LOAD CMakeFiles/omni-infantry.elf.dir/Middlewares/Third_Party/FreeRTOS/Source/queue.c.obj
LOAD CMakeFiles/omni-infantry.elf.dir/Middlewares/Third_Party/FreeRTOS/Source/stream_buffer.c.obj
LOAD CMakeFiles/omni-infantry.elf.dir/Middlewares/Third_Party/FreeRTOS/Source/tasks.c.obj
LOAD CMakeFiles/omni-infantry.elf.dir/Middlewares/Third_Party/FreeRTOS/Source/timers.c.obj
LOAD CMakeFiles/omni-infantry.elf.dir/USB_DEVICE/App/usb_device.c.obj
LOAD CMakeFiles/omni-infantry.elf.dir/USB_DEVICE/App/usbd_cdc_if.c.obj
LOAD CMakeFiles/omni-infantry.elf.dir/USB_DEVICE/App/usbd_desc.c.obj
LOAD CMakeFiles/omni-infantry.elf.dir/USB_DEVICE/Target/usbd_conf.c.obj
LOAD CMakeFiles/omni-infantry.elf.dir/application/Atti.c.obj
LOAD CMakeFiles/omni-infantry.elf.dir/application/Calibrate.c.obj
LOAD CMakeFiles/omni-infantry.elf.dir/application/Cap.c.obj
LOAD CMakeFiles/omni-infantry.elf.dir/application/Chassis.c.obj
LOAD CMakeFiles/omni-infantry.elf.dir/application/Detection.c.obj
LOAD CMakeFiles/omni-infantry.elf.dir/application/Gimbal.c.obj
LOAD CMakeFiles/omni-infantry.elf.dir/application/Referee.c.obj
LOAD CMakeFiles/omni-infantry.elf.dir/application/can_receive.c.obj
LOAD CMakeFiles/omni-infantry.elf.dir/application/key_board.c.obj
LOAD CMakeFiles/omni-infantry.elf.dir/application/launcher.c.obj
LOAD CMakeFiles/omni-infantry.elf.dir/application/remote.c.obj
LOAD CMakeFiles/omni-infantry.elf.dir/application/usb_task.c.obj
LOAD CMakeFiles/omni-infantry.elf.dir/bsp/bsp_adc.c.obj
LOAD CMakeFiles/omni-infantry.elf.dir/bsp/bsp_buzzer.c.obj
LOAD CMakeFiles/omni-infantry.elf.dir/bsp/bsp_can.c.obj
LOAD CMakeFiles/omni-infantry.elf.dir/bsp/bsp_cap.c.obj
LOAD CMakeFiles/omni-infantry.elf.dir/bsp/bsp_crc32.c.obj
LOAD CMakeFiles/omni-infantry.elf.dir/bsp/bsp_delay.c.obj
LOAD CMakeFiles/omni-infantry.elf.dir/bsp/bsp_flash.c.obj
LOAD CMakeFiles/omni-infantry.elf.dir/bsp/bsp_i2c.c.obj
LOAD CMakeFiles/omni-infantry.elf.dir/bsp/bsp_imu_pwm.c.obj
LOAD CMakeFiles/omni-infantry.elf.dir/bsp/bsp_laser.c.obj
LOAD CMakeFiles/omni-infantry.elf.dir/bsp/bsp_led.c.obj
LOAD CMakeFiles/omni-infantry.elf.dir/bsp/bsp_rc.c.obj
LOAD CMakeFiles/omni-infantry.elf.dir/bsp/bsp_servo_pwm.c.obj
LOAD CMakeFiles/omni-infantry.elf.dir/bsp/bsp_spi.c.obj
LOAD CMakeFiles/omni-infantry.elf.dir/bsp/bsp_usart.c.obj
LOAD CMakeFiles/omni-infantry.elf.dir/bsp/bsp_xidi_cap.c.obj
LOAD CMakeFiles/omni-infantry.elf.dir/component/algorithm/AHRS.c.obj
LOAD CMakeFiles/omni-infantry.elf.dir/component/algorithm/AHRS_MiddleWare.c.obj
LOAD CMakeFiles/omni-infantry.elf.dir/component/algorithm/STL.c.obj
LOAD CMakeFiles/omni-infantry.elf.dir/component/algorithm/filter.c.obj
LOAD CMakeFiles/omni-infantry.elf.dir/component/algorithm/ramp.c.obj
LOAD CMakeFiles/omni-infantry.elf.dir/component/algorithm/user_lib.c.obj
LOAD CMakeFiles/omni-infantry.elf.dir/component/comunication/decode.c.obj
LOAD CMakeFiles/omni-infantry.elf.dir/component/comunication/packet.c.obj
LOAD CMakeFiles/omni-infantry.elf.dir/component/controller/PID.c.obj
LOAD CMakeFiles/omni-infantry.elf.dir/component/devices/BMI088Middleware.c.obj
LOAD CMakeFiles/omni-infantry.elf.dir/component/devices/BMI088driver.c.obj
LOAD CMakeFiles/omni-infantry.elf.dir/component/devices/test.c.obj
LOAD CMakeFiles/omni-infantry.elf.dir/component/support/CRC8_CRC16.c.obj
LOAD CMakeFiles/omni-infantry.elf.dir/component/support/fifo.c.obj
LOAD CMakeFiles/omni-infantry.elf.dir/component/support/mem_mang4.c.obj
START GROUP
LOAD c:/cliontoolchains/gcc-arm-none-eabi-10.3-2021.10/bin/../lib/gcc/arm-none-eabi/10.3.1/thumb/v7e-m+fp/hard\libgcc.a
LOAD c:/cliontoolchains/gcc-arm-none-eabi-10.3-2021.10/bin/../lib/gcc/arm-none-eabi/10.3.1/../../../../arm-none-eabi/lib/thumb/v7e-m+fp/hard\libg.a
LOAD c:/cliontoolchains/gcc-arm-none-eabi-10.3-2021.10/bin/../lib/gcc/arm-none-eabi/10.3.1/../../../../arm-none-eabi/lib/thumb/v7e-m+fp/hard\libc.a
END GROUP
LOAD c:/cliontoolchains/gcc-arm-none-eabi-10.3-2021.10/bin/../lib/gcc/arm-none-eabi/10.3.1/thumb/v7e-m+fp/hard/crtend.o
LOAD c:/cliontoolchains/gcc-arm-none-eabi-10.3-2021.10/bin/../lib/gcc/arm-none-eabi/10.3.1/thumb/v7e-m+fp/hard/crtn.o
                0x20020000                _estack = (ORIGIN (RAM) + LENGTH (RAM))
                0x00002000                _Min_Heap_Size = 0x2000
                0x00002000                _Min_Stack_Size = 0x2000

.isr_vector     0x08000000      0x188
                0x08000000                . = ALIGN (0x4)
 *(.isr_vector)
 .isr_vector    0x08000000      0x188 CMakeFiles/omni-infantry.elf.dir/Core/Startup/startup_stm32f407ighx.s.obj
                0x08000000                g_pfnVectors
                0x08000188                . = ALIGN (0x4)

.text           0x080001c0    0x17348
                0x080001c0                . = ALIGN (0x4)
 *(.text)
 .text          0x080001c0       0x40 c:/cliontoolchains/gcc-arm-none-eabi-10.3-2021.10/bin/../lib/gcc/arm-none-eabi/10.3.1/thumb/v7e-m+fp/hard/crtbegin.o
 .text          0x08000200      0x378 c:/cliontoolchains/gcc-arm-none-eabi-10.3-2021.10/bin/../lib/gcc/arm-none-eabi/10.3.1/thumb/v7e-m+fp/hard\libgcc.a(_arm_addsubdf3.o)
                0x08000200                __aeabi_drsub
                0x08000208                __aeabi_dsub
                0x08000208                __subdf3
                0x0800020c                __aeabi_dadd
                0x0800020c                __adddf3
                0x08000484                __floatunsidf
                0x08000484                __aeabi_ui2d
                0x080004a4                __floatsidf
                0x080004a4                __aeabi_i2d
                0x080004c8                __aeabi_f2d
                0x080004c8                __extendsfdf2
                0x0800050c                __floatundidf
                0x0800050c                __aeabi_ul2d
                0x0800051c                __floatdidf
                0x0800051c                __aeabi_l2d
 .text          0x08000578       0xa0 c:/cliontoolchains/gcc-arm-none-eabi-10.3-2021.10/bin/../lib/gcc/arm-none-eabi/10.3.1/thumb/v7e-m+fp/hard\libgcc.a(_arm_truncdfsf2.o)
                0x08000578                __truncdfsf2
                0x08000578                __aeabi_d2f
 .text          0x08000618       0x30 c:/cliontoolchains/gcc-arm-none-eabi-10.3-2021.10/bin/../lib/gcc/arm-none-eabi/10.3.1/thumb/v7e-m+fp/hard\libgcc.a(_aeabi_uldivmod.o)
                0x08000618                __aeabi_uldivmod
 .text          0x08000648      0x2d0 c:/cliontoolchains/gcc-arm-none-eabi-10.3-2021.10/bin/../lib/gcc/arm-none-eabi/10.3.1/thumb/v7e-m+fp/hard\libgcc.a(_udivmoddi4.o)
                0x08000648                __udivmoddi4
 .text          0x08000918        0x4 c:/cliontoolchains/gcc-arm-none-eabi-10.3-2021.10/bin/../lib/gcc/arm-none-eabi/10.3.1/thumb/v7e-m+fp/hard\libgcc.a(_dvmd_tls.o)
                0x08000918                __aeabi_idiv0
                0x08000918                __aeabi_ldiv0
 .text          0x0800091c      0x134 c:/cliontoolchains/gcc-arm-none-eabi-10.3-2021.10/bin/../lib/gcc/arm-none-eabi/10.3.1/../../../../arm-none-eabi/lib/thumb/v7e-m+fp/hard\libg.a(lib_a-memcpy.o)
                0x0800091c                memcpy
 *fill*         0x08000a50       0x30 
 .text          0x08000a80       0xdc c:/cliontoolchains/gcc-arm-none-eabi-10.3-2021.10/bin/../lib/gcc/arm-none-eabi/10.3.1/../../../../arm-none-eabi/lib/thumb/v7e-m+fp/hard\libg.a(lib_a-strlen.o)
                0x08000a80                strlen
 *fill*         0x08000b5c        0x4 
 .text          0x08000b60       0xa0 c:/cliontoolchains/gcc-arm-none-eabi-10.3-2021.10/bin/../lib/gcc/arm-none-eabi/10.3.1/../../../../arm-none-eabi/lib/thumb/v7e-m+fp/hard\libg.a(lib_a-memchr.o)
                0x08000b60                memchr
 .text          0x08000c00      0x424 c:/cliontoolchains/gcc-arm-none-eabi-10.3-2021.10/bin/../lib/gcc/arm-none-eabi/10.3.1/thumb/v7e-m+fp/hard\libgcc.a(_arm_muldivdf3.o)
                0x08000c00                __aeabi_dmul
                0x08000c00                __muldf3
                0x08000e54                __divdf3
                0x08000e54                __aeabi_ddiv
 .text          0x08001024      0x110 c:/cliontoolchains/gcc-arm-none-eabi-10.3-2021.10/bin/../lib/gcc/arm-none-eabi/10.3.1/thumb/v7e-m+fp/hard\libgcc.a(_arm_cmpdf2.o)
                0x08001024                __gtdf2
                0x08001024                __gedf2
                0x0800102c                __ltdf2
                0x0800102c                __ledf2
                0x08001034                __nedf2
                0x08001034                __eqdf2
                0x08001034                __cmpdf2
                0x080010b0                __aeabi_cdrcmple
                0x080010c0                __aeabi_cdcmpeq
                0x080010c0                __aeabi_cdcmple
                0x080010d0                __aeabi_dcmpeq
                0x080010e4                __aeabi_dcmplt
                0x080010f8                __aeabi_dcmple
                0x0800110c                __aeabi_dcmpge
                0x08001120                __aeabi_dcmpgt
 .text          0x08001134       0x2c c:/cliontoolchains/gcc-arm-none-eabi-10.3-2021.10/bin/../lib/gcc/arm-none-eabi/10.3.1/thumb/v7e-m+fp/hard\libgcc.a(_arm_unorddf2.o)
                0x08001134                __unorddf2
                0x08001134                __aeabi_dcmpun
 *(.text*)
 .text.MX_ADC1_Init
                0x08001160       0x70 CMakeFiles/omni-infantry.elf.dir/Core/Src/adc.c.obj
                0x08001160                MX_ADC1_Init
 .text.HAL_ADC_MspInit
                0x080011d0       0x30 CMakeFiles/omni-infantry.elf.dir/Core/Src/adc.c.obj
                0x080011d0                HAL_ADC_MspInit
 .text.MX_CAN1_Init
                0x08001200       0x44 CMakeFiles/omni-infantry.elf.dir/Core/Src/can.c.obj
                0x08001200                MX_CAN1_Init
 .text.MX_CAN2_Init
                0x08001244       0x44 CMakeFiles/omni-infantry.elf.dir/Core/Src/can.c.obj
                0x08001244                MX_CAN2_Init
 .text.HAL_CAN_MspInit
                0x08001288      0x128 CMakeFiles/omni-infantry.elf.dir/Core/Src/can.c.obj
                0x08001288                HAL_CAN_MspInit
 .text.MX_CRC_Init
                0x080013b0       0x20 CMakeFiles/omni-infantry.elf.dir/Core/Src/crc.c.obj
                0x080013b0                MX_CRC_Init
 .text.HAL_CRC_MspInit
                0x080013d0       0x30 CMakeFiles/omni-infantry.elf.dir/Core/Src/crc.c.obj
                0x080013d0                HAL_CRC_MspInit
 .text.MX_DMA_Init
                0x08001400       0xb8 CMakeFiles/omni-infantry.elf.dir/Core/Src/dma.c.obj
                0x08001400                MX_DMA_Init
 .text.StartDefaultTask
                0x080014b8        0xe CMakeFiles/omni-infantry.elf.dir/Core/Src/freertos.c.obj
                0x080014b8                StartDefaultTask
 *fill*         0x080014c6        0x2 
 .text.vApplicationGetIdleTaskMemory
                0x080014c8       0x18 CMakeFiles/omni-infantry.elf.dir/Core/Src/freertos.c.obj
                0x080014c8                vApplicationGetIdleTaskMemory
 .text.MX_FREERTOS_Init
                0x080014e0      0x1d4 CMakeFiles/omni-infantry.elf.dir/Core/Src/freertos.c.obj
                0x080014e0                MX_FREERTOS_Init
 .text.MX_GPIO_Init
                0x080016b4      0x1b0 CMakeFiles/omni-infantry.elf.dir/Core/Src/gpio.c.obj
                0x080016b4                MX_GPIO_Init
 .text.SystemClock_Config
                0x08001864       0x98 CMakeFiles/omni-infantry.elf.dir/Core/Src/main.c.obj
                0x08001864                SystemClock_Config
 .text.main     0x080018fc       0xb8 CMakeFiles/omni-infantry.elf.dir/Core/Src/main.c.obj
                0x080018fc                main
 .text.Error_Handler
                0x080019b4        0x2 CMakeFiles/omni-infantry.elf.dir/Core/Src/main.c.obj
                0x080019b4                Error_Handler
 *fill*         0x080019b6        0x2 
 .text.MX_RNG_Init
                0x080019b8       0x20 CMakeFiles/omni-infantry.elf.dir/Core/Src/rng.c.obj
                0x080019b8                MX_RNG_Init
 .text.HAL_RNG_MspInit
                0x080019d8       0x30 CMakeFiles/omni-infantry.elf.dir/Core/Src/rng.c.obj
                0x080019d8                HAL_RNG_MspInit
 .text.MX_SPI1_Init
                0x08001a08       0x48 CMakeFiles/omni-infantry.elf.dir/Core/Src/spi.c.obj
                0x08001a08                MX_SPI1_Init
 .text.MX_SPI2_Init
                0x08001a50       0x44 CMakeFiles/omni-infantry.elf.dir/Core/Src/spi.c.obj
                0x08001a50                MX_SPI2_Init
 .text.HAL_SPI_MspInit
                0x08001a94      0x1bc CMakeFiles/omni-infantry.elf.dir/Core/Src/spi.c.obj
                0x08001a94                HAL_SPI_MspInit
 .text.HAL_MspInit
                0x08001c50       0x44 CMakeFiles/omni-infantry.elf.dir/Core/Src/stm32f4xx_hal_msp.c.obj
                0x08001c50                HAL_MspInit
 .text.NMI_Handler
                0x08001c94        0x2 CMakeFiles/omni-infantry.elf.dir/Core/Src/stm32f4xx_it.c.obj
                0x08001c94                NMI_Handler
 .text.HardFault_Handler
                0x08001c96        0x2 CMakeFiles/omni-infantry.elf.dir/Core/Src/stm32f4xx_it.c.obj
                0x08001c96                HardFault_Handler
 .text.MemManage_Handler
                0x08001c98        0x2 CMakeFiles/omni-infantry.elf.dir/Core/Src/stm32f4xx_it.c.obj
                0x08001c98                MemManage_Handler
 .text.BusFault_Handler
                0x08001c9a        0x2 CMakeFiles/omni-infantry.elf.dir/Core/Src/stm32f4xx_it.c.obj
                0x08001c9a                BusFault_Handler
 .text.UsageFault_Handler
                0x08001c9c        0x2 CMakeFiles/omni-infantry.elf.dir/Core/Src/stm32f4xx_it.c.obj
                0x08001c9c                UsageFault_Handler
 .text.DebugMon_Handler
                0x08001c9e        0x2 CMakeFiles/omni-infantry.elf.dir/Core/Src/stm32f4xx_it.c.obj
                0x08001c9e                DebugMon_Handler
 .text.SysTick_Handler
                0x08001ca0       0x16 CMakeFiles/omni-infantry.elf.dir/Core/Src/stm32f4xx_it.c.obj
                0x08001ca0                SysTick_Handler
 .text.EXTI0_IRQHandler
                0x08001cb6        0xa CMakeFiles/omni-infantry.elf.dir/Core/Src/stm32f4xx_it.c.obj
                0x08001cb6                EXTI0_IRQHandler
 .text.EXTI4_IRQHandler
                0x08001cc0        0xa CMakeFiles/omni-infantry.elf.dir/Core/Src/stm32f4xx_it.c.obj
                0x08001cc0                EXTI4_IRQHandler
 *fill*         0x08001cca        0x2 
 .text.DMA1_Stream1_IRQHandler
                0x08001ccc       0x10 CMakeFiles/omni-infantry.elf.dir/Core/Src/stm32f4xx_it.c.obj
                0x08001ccc                DMA1_Stream1_IRQHandler
 .text.DMA1_Stream4_IRQHandler
                0x08001cdc       0x10 CMakeFiles/omni-infantry.elf.dir/Core/Src/stm32f4xx_it.c.obj
                0x08001cdc                DMA1_Stream4_IRQHandler
 .text.CAN1_RX0_IRQHandler
                0x08001cec       0x10 CMakeFiles/omni-infantry.elf.dir/Core/Src/stm32f4xx_it.c.obj
                0x08001cec                CAN1_RX0_IRQHandler
 .text.EXTI9_5_IRQHandler
                0x08001cfc        0xa CMakeFiles/omni-infantry.elf.dir/Core/Src/stm32f4xx_it.c.obj
                0x08001cfc                EXTI9_5_IRQHandler
 *fill*         0x08001d06        0x2 
 .text.DMA2_Stream1_IRQHandler
                0x08001d08       0x10 CMakeFiles/omni-infantry.elf.dir/Core/Src/stm32f4xx_it.c.obj
                0x08001d08                DMA2_Stream1_IRQHandler
 .text.DMA2_Stream3_IRQHandler
                0x08001d18       0x10 CMakeFiles/omni-infantry.elf.dir/Core/Src/stm32f4xx_it.c.obj
                0x08001d18                DMA2_Stream3_IRQHandler
 .text.CAN2_RX0_IRQHandler
                0x08001d28       0x10 CMakeFiles/omni-infantry.elf.dir/Core/Src/stm32f4xx_it.c.obj
                0x08001d28                CAN2_RX0_IRQHandler
 .text.OTG_FS_IRQHandler
                0x08001d38       0x10 CMakeFiles/omni-infantry.elf.dir/Core/Src/stm32f4xx_it.c.obj
                0x08001d38                OTG_FS_IRQHandler
 .text.DMA2_Stream5_IRQHandler
                0x08001d48       0x10 CMakeFiles/omni-infantry.elf.dir/Core/Src/stm32f4xx_it.c.obj
                0x08001d48                DMA2_Stream5_IRQHandler
 .text.DMA2_Stream6_IRQHandler
                0x08001d58       0x10 CMakeFiles/omni-infantry.elf.dir/Core/Src/stm32f4xx_it.c.obj
                0x08001d58                DMA2_Stream6_IRQHandler
 .text.DMA2_Stream7_IRQHandler
                0x08001d68       0x10 CMakeFiles/omni-infantry.elf.dir/Core/Src/stm32f4xx_it.c.obj
                0x08001d68                DMA2_Stream7_IRQHandler
 .text._getpid  0x08001d78        0x4 CMakeFiles/omni-infantry.elf.dir/Core/Src/syscalls.c.obj
                0x08001d78                _getpid
 .text._kill    0x08001d7c       0x10 CMakeFiles/omni-infantry.elf.dir/Core/Src/syscalls.c.obj
                0x08001d7c                _kill
 .text._exit    0x08001d8c        0xc CMakeFiles/omni-infantry.elf.dir/Core/Src/syscalls.c.obj
                0x08001d8c                _exit
 .text._read    0x08001d98       0x20 CMakeFiles/omni-infantry.elf.dir/Core/Src/syscalls.c.obj
                0x08001d98                _read
 .text._write   0x08001db8       0x1c CMakeFiles/omni-infantry.elf.dir/Core/Src/syscalls.c.obj
                0x08001db8                _write
 .text._close   0x08001dd4        0x6 CMakeFiles/omni-infantry.elf.dir/Core/Src/syscalls.c.obj
                0x08001dd4                _close
 .text._fstat   0x08001dda        0xa CMakeFiles/omni-infantry.elf.dir/Core/Src/syscalls.c.obj
                0x08001dda                _fstat
 .text._isatty  0x08001de4        0x4 CMakeFiles/omni-infantry.elf.dir/Core/Src/syscalls.c.obj
                0x08001de4                _isatty
 .text._lseek   0x08001de8        0x4 CMakeFiles/omni-infantry.elf.dir/Core/Src/syscalls.c.obj
                0x08001de8                _lseek
 .text._sbrk    0x08001dec       0x48 CMakeFiles/omni-infantry.elf.dir/Core/Src/sysmem.c.obj
                0x08001dec                _sbrk
 .text.SystemInit
                0x08001e34       0x14 CMakeFiles/omni-infantry.elf.dir/Core/Src/system_stm32f4xx.c.obj
                0x08001e34                SystemInit
 .text.HAL_TIM_PWM_MspInit
                0x08001e48       0x78 CMakeFiles/omni-infantry.elf.dir/Core/Src/tim.c.obj
                0x08001e48                HAL_TIM_PWM_MspInit
 .text.HAL_TIM_Base_MspInit
                0x08001ec0       0x78 CMakeFiles/omni-infantry.elf.dir/Core/Src/tim.c.obj
                0x08001ec0                HAL_TIM_Base_MspInit
 .text.HAL_TIM_MspPostInit
                0x08001f38      0x220 CMakeFiles/omni-infantry.elf.dir/Core/Src/tim.c.obj
                0x08001f38                HAL_TIM_MspPostInit
 .text.MX_TIM1_Init
                0x08002158       0xf8 CMakeFiles/omni-infantry.elf.dir/Core/Src/tim.c.obj
                0x08002158                MX_TIM1_Init
 .text.MX_TIM3_Init
                0x08002250       0x80 CMakeFiles/omni-infantry.elf.dir/Core/Src/tim.c.obj
                0x08002250                MX_TIM3_Init
 .text.MX_TIM4_Init
                0x080022d0       0xb0 CMakeFiles/omni-infantry.elf.dir/Core/Src/tim.c.obj
                0x080022d0                MX_TIM4_Init
 .text.MX_TIM5_Init
                0x08002380       0xd4 CMakeFiles/omni-infantry.elf.dir/Core/Src/tim.c.obj
                0x08002380                MX_TIM5_Init
 .text.MX_TIM8_Init
                0x08002454       0xd4 CMakeFiles/omni-infantry.elf.dir/Core/Src/tim.c.obj
                0x08002454                MX_TIM8_Init
 .text.MX_TIM10_Init
                0x08002528       0x74 CMakeFiles/omni-infantry.elf.dir/Core/Src/tim.c.obj
                0x08002528                MX_TIM10_Init
 .text.MX_USART1_UART_Init
                0x0800259c       0x34 CMakeFiles/omni-infantry.elf.dir/Core/Src/usart.c.obj
                0x0800259c                MX_USART1_UART_Init
 .text.MX_USART3_UART_Init
                0x080025d0       0x3c CMakeFiles/omni-infantry.elf.dir/Core/Src/usart.c.obj
                0x080025d0                MX_USART3_UART_Init
 .text.MX_USART6_UART_Init
                0x0800260c       0x34 CMakeFiles/omni-infantry.elf.dir/Core/Src/usart.c.obj
                0x0800260c                MX_USART6_UART_Init
 .text.HAL_UART_MspInit
                0x08002640      0x2d0 CMakeFiles/omni-infantry.elf.dir/Core/Src/usart.c.obj
                0x08002640                HAL_UART_MspInit
 .text.Reset_Handler
                0x08002910       0x50 CMakeFiles/omni-infantry.elf.dir/Core/Startup/startup_stm32f407ighx.s.obj
                0x08002910                Reset_Handler
 .text.Default_Handler
                0x08002960        0x2 CMakeFiles/omni-infantry.elf.dir/Core/Startup/startup_stm32f407ighx.s.obj
                0x08002960                RTC_Alarm_IRQHandler
                0x08002960                HASH_RNG_IRQHandler
                0x08002960                EXTI2_IRQHandler
                0x08002960                TIM8_CC_IRQHandler
                0x08002960                TIM1_CC_IRQHandler
                0x08002960                DMA1_Stream5_IRQHandler
                0x08002960                PVD_IRQHandler
                0x08002960                SDIO_IRQHandler
                0x08002960                TAMP_STAMP_IRQHandler
                0x08002960                CAN2_RX1_IRQHandler
                0x08002960                EXTI3_IRQHandler
                0x08002960                TIM8_TRG_COM_TIM14_IRQHandler
                0x08002960                TIM1_UP_TIM10_IRQHandler
                0x08002960                TIM8_UP_TIM13_IRQHandler
                0x08002960                I2C3_ER_IRQHandler
                0x08002960                I2C2_EV_IRQHandler
                0x08002960                DMA1_Stream2_IRQHandler
                0x08002960                FPU_IRQHandler
                0x08002960                OTG_HS_WKUP_IRQHandler
                0x08002960                CAN2_SCE_IRQHandler
                0x08002960                SPI1_IRQHandler
                0x08002960                TIM6_DAC_IRQHandler
                0x08002960                TIM1_BRK_TIM9_IRQHandler
                0x08002960                DCMI_IRQHandler
                0x08002960                CAN1_RX1_IRQHandler
                0x08002960                UART5_IRQHandler
                0x08002960                DMA2_Stream0_IRQHandler
                0x08002960                TIM4_IRQHandler
                0x08002960                I2C1_EV_IRQHandler
                0x08002960                DMA1_Stream6_IRQHandler
                0x08002960                UART4_IRQHandler
                0x08002960                TIM3_IRQHandler
                0x08002960                RCC_IRQHandler
                0x08002960                TIM8_BRK_TIM12_IRQHandler
                0x08002960                Default_Handler
                0x08002960                EXTI15_10_IRQHandler
                0x08002960                ADC_IRQHandler
                0x08002960                DMA1_Stream7_IRQHandler
                0x08002960                TIM7_IRQHandler
                0x08002960                CAN2_TX_IRQHandler
                0x08002960                TIM5_IRQHandler
                0x08002960                I2C3_EV_IRQHandler
                0x08002960                RTC_WKUP_IRQHandler
                0x08002960                ETH_WKUP_IRQHandler
                0x08002960                SPI2_IRQHandler
                0x08002960                OTG_HS_EP1_IN_IRQHandler
                0x08002960                DMA1_Stream0_IRQHandler
                0x08002960                CAN1_TX_IRQHandler
                0x08002960                FSMC_IRQHandler
                0x08002960                ETH_IRQHandler
                0x08002960                OTG_HS_EP1_OUT_IRQHandler
                0x08002960                WWDG_IRQHandler
                0x08002960                TIM2_IRQHandler
                0x08002960                OTG_FS_WKUP_IRQHandler
                0x08002960                TIM1_TRG_COM_TIM11_IRQHandler
                0x08002960                OTG_HS_IRQHandler
                0x08002960                EXTI1_IRQHandler
                0x08002960                USART2_IRQHandler
                0x08002960                I2C2_ER_IRQHandler
                0x08002960                CAN1_SCE_IRQHandler
                0x08002960                FLASH_IRQHandler
                0x08002960                DMA2_Stream4_IRQHandler
                0x08002960                SPI3_IRQHandler
                0x08002960                I2C1_ER_IRQHandler
                0x08002960                DMA1_Stream3_IRQHandler
 *fill*         0x08002962        0x2 
 .text.HAL_InitTick
                0x08002964       0x4c CMakeFiles/omni-infantry.elf.dir/Drivers/STM32F4xx_HAL_Driver/Src/stm32f4xx_hal.c.obj
                0x08002964                HAL_InitTick
 .text.HAL_Init
                0x080029b0       0x34 CMakeFiles/omni-infantry.elf.dir/Drivers/STM32F4xx_HAL_Driver/Src/stm32f4xx_hal.c.obj
                0x080029b0                HAL_Init
 .text.HAL_IncTick
                0x080029e4       0x18 CMakeFiles/omni-infantry.elf.dir/Drivers/STM32F4xx_HAL_Driver/Src/stm32f4xx_hal.c.obj
                0x080029e4                HAL_IncTick
 .text.HAL_GetTick
                0x080029fc        0xc CMakeFiles/omni-infantry.elf.dir/Drivers/STM32F4xx_HAL_Driver/Src/stm32f4xx_hal.c.obj
                0x080029fc                HAL_GetTick
 .text.HAL_Delay
                0x08002a08       0x28 CMakeFiles/omni-infantry.elf.dir/Drivers/STM32F4xx_HAL_Driver/Src/stm32f4xx_hal.c.obj
                0x08002a08                HAL_Delay
 .text.ADC_Init
                0x08002a30      0x134 CMakeFiles/omni-infantry.elf.dir/Drivers/STM32F4xx_HAL_Driver/Src/stm32f4xx_hal_adc.c.obj
 .text.HAL_ADC_Init
                0x08002b64       0x56 CMakeFiles/omni-infantry.elf.dir/Drivers/STM32F4xx_HAL_Driver/Src/stm32f4xx_hal_adc.c.obj
                0x08002b64                HAL_ADC_Init
 *fill*         0x08002bba        0x2 
 .text.HAL_ADC_Start
                0x08002bbc      0x144 CMakeFiles/omni-infantry.elf.dir/Drivers/STM32F4xx_HAL_Driver/Src/stm32f4xx_hal_adc.c.obj
                0x08002bbc                HAL_ADC_Start
 .text.HAL_ADC_PollForConversion
                0x08002d00       0xb8 CMakeFiles/omni-infantry.elf.dir/Drivers/STM32F4xx_HAL_Driver/Src/stm32f4xx_hal_adc.c.obj
                0x08002d00                HAL_ADC_PollForConversion
 .text.HAL_ADC_GetValue
                0x08002db8        0x6 CMakeFiles/omni-infantry.elf.dir/Drivers/STM32F4xx_HAL_Driver/Src/stm32f4xx_hal_adc.c.obj
                0x08002db8                HAL_ADC_GetValue
 *fill*         0x08002dbe        0x2 
 .text.HAL_ADC_ConfigChannel
                0x08002dc0      0x198 CMakeFiles/omni-infantry.elf.dir/Drivers/STM32F4xx_HAL_Driver/Src/stm32f4xx_hal_adc.c.obj
                0x08002dc0                HAL_ADC_ConfigChannel
 .text.HAL_CAN_Init
                0x08002f58      0x14c CMakeFiles/omni-infantry.elf.dir/Drivers/STM32F4xx_HAL_Driver/Src/stm32f4xx_hal_can.c.obj
                0x08002f58                HAL_CAN_Init
 .text.HAL_CAN_ConfigFilter
                0x080030a4      0x138 CMakeFiles/omni-infantry.elf.dir/Drivers/STM32F4xx_HAL_Driver/Src/stm32f4xx_hal_can.c.obj
                0x080030a4                HAL_CAN_ConfigFilter
 .text.HAL_CAN_Start
                0x080031dc       0x5c CMakeFiles/omni-infantry.elf.dir/Drivers/STM32F4xx_HAL_Driver/Src/stm32f4xx_hal_can.c.obj
                0x080031dc                HAL_CAN_Start
 .text.HAL_CAN_AddTxMessage
                0x08003238       0xfc CMakeFiles/omni-infantry.elf.dir/Drivers/STM32F4xx_HAL_Driver/Src/stm32f4xx_hal_can.c.obj
                0x08003238                HAL_CAN_AddTxMessage
 .text.HAL_CAN_GetRxMessage
                0x08003334      0x14a CMakeFiles/omni-infantry.elf.dir/Drivers/STM32F4xx_HAL_Driver/Src/stm32f4xx_hal_can.c.obj
                0x08003334                HAL_CAN_GetRxMessage
 .text.HAL_CAN_ActivateNotification
                0x0800347e       0x24 CMakeFiles/omni-infantry.elf.dir/Drivers/STM32F4xx_HAL_Driver/Src/stm32f4xx_hal_can.c.obj
                0x0800347e                HAL_CAN_ActivateNotification
 .text.HAL_CAN_TxMailbox0CompleteCallback
                0x080034a2        0x2 CMakeFiles/omni-infantry.elf.dir/Drivers/STM32F4xx_HAL_Driver/Src/stm32f4xx_hal_can.c.obj
                0x080034a2                HAL_CAN_TxMailbox0CompleteCallback
 .text.HAL_CAN_TxMailbox1CompleteCallback
                0x080034a4        0x2 CMakeFiles/omni-infantry.elf.dir/Drivers/STM32F4xx_HAL_Driver/Src/stm32f4xx_hal_can.c.obj
                0x080034a4                HAL_CAN_TxMailbox1CompleteCallback
 .text.HAL_CAN_TxMailbox2CompleteCallback
                0x080034a6        0x2 CMakeFiles/omni-infantry.elf.dir/Drivers/STM32F4xx_HAL_Driver/Src/stm32f4xx_hal_can.c.obj
                0x080034a6                HAL_CAN_TxMailbox2CompleteCallback
 .text.HAL_CAN_TxMailbox0AbortCallback
                0x080034a8        0x2 CMakeFiles/omni-infantry.elf.dir/Drivers/STM32F4xx_HAL_Driver/Src/stm32f4xx_hal_can.c.obj
                0x080034a8                HAL_CAN_TxMailbox0AbortCallback
 .text.HAL_CAN_TxMailbox1AbortCallback
                0x080034aa        0x2 CMakeFiles/omni-infantry.elf.dir/Drivers/STM32F4xx_HAL_Driver/Src/stm32f4xx_hal_can.c.obj
                0x080034aa                HAL_CAN_TxMailbox1AbortCallback
 .text.HAL_CAN_TxMailbox2AbortCallback
                0x080034ac        0x2 CMakeFiles/omni-infantry.elf.dir/Drivers/STM32F4xx_HAL_Driver/Src/stm32f4xx_hal_can.c.obj
                0x080034ac                HAL_CAN_TxMailbox2AbortCallback
 .text.HAL_CAN_RxFifo0FullCallback
                0x080034ae        0x2 CMakeFiles/omni-infantry.elf.dir/Drivers/STM32F4xx_HAL_Driver/Src/stm32f4xx_hal_can.c.obj
                0x080034ae                HAL_CAN_RxFifo0FullCallback
 .text.HAL_CAN_RxFifo1MsgPendingCallback
                0x080034b0        0x2 CMakeFiles/omni-infantry.elf.dir/Drivers/STM32F4xx_HAL_Driver/Src/stm32f4xx_hal_can.c.obj
                0x080034b0                HAL_CAN_RxFifo1MsgPendingCallback
 .text.HAL_CAN_RxFifo1FullCallback
                0x080034b2        0x2 CMakeFiles/omni-infantry.elf.dir/Drivers/STM32F4xx_HAL_Driver/Src/stm32f4xx_hal_can.c.obj
                0x080034b2                HAL_CAN_RxFifo1FullCallback
 .text.HAL_CAN_SleepCallback
                0x080034b4        0x2 CMakeFiles/omni-infantry.elf.dir/Drivers/STM32F4xx_HAL_Driver/Src/stm32f4xx_hal_can.c.obj
                0x080034b4                HAL_CAN_SleepCallback
 .text.HAL_CAN_WakeUpFromRxMsgCallback
                0x080034b6        0x2 CMakeFiles/omni-infantry.elf.dir/Drivers/STM32F4xx_HAL_Driver/Src/stm32f4xx_hal_can.c.obj
                0x080034b6                HAL_CAN_WakeUpFromRxMsgCallback
 .text.HAL_CAN_ErrorCallback
                0x080034b8        0x2 CMakeFiles/omni-infantry.elf.dir/Drivers/STM32F4xx_HAL_Driver/Src/stm32f4xx_hal_can.c.obj
                0x080034b8                HAL_CAN_ErrorCallback
 .text.HAL_CAN_IRQHandler
                0x080034ba      0x24a CMakeFiles/omni-infantry.elf.dir/Drivers/STM32F4xx_HAL_Driver/Src/stm32f4xx_hal_can.c.obj
                0x080034ba                HAL_CAN_IRQHandler
 .text.HAL_NVIC_SetPriorityGrouping
                0x08003704       0x24 CMakeFiles/omni-infantry.elf.dir/Drivers/STM32F4xx_HAL_Driver/Src/stm32f4xx_hal_cortex.c.obj
                0x08003704                HAL_NVIC_SetPriorityGrouping
 .text.HAL_NVIC_SetPriority
                0x08003728       0x70 CMakeFiles/omni-infantry.elf.dir/Drivers/STM32F4xx_HAL_Driver/Src/stm32f4xx_hal_cortex.c.obj
                0x08003728                HAL_NVIC_SetPriority
 .text.HAL_NVIC_EnableIRQ
                0x08003798       0x1c CMakeFiles/omni-infantry.elf.dir/Drivers/STM32F4xx_HAL_Driver/Src/stm32f4xx_hal_cortex.c.obj
                0x08003798                HAL_NVIC_EnableIRQ
 .text.HAL_SYSTICK_Config
                0x080037b4       0x28 CMakeFiles/omni-infantry.elf.dir/Drivers/STM32F4xx_HAL_Driver/Src/stm32f4xx_hal_cortex.c.obj
                0x080037b4                HAL_SYSTICK_Config
 .text.HAL_CRC_Init
                0x080037dc       0x1e CMakeFiles/omni-infantry.elf.dir/Drivers/STM32F4xx_HAL_Driver/Src/stm32f4xx_hal_crc.c.obj
                0x080037dc                HAL_CRC_Init
 .text.DMA_SetConfig
                0x080037fa       0x2c CMakeFiles/omni-infantry.elf.dir/Drivers/STM32F4xx_HAL_Driver/Src/stm32f4xx_hal_dma.c.obj
 *fill*         0x08003826        0x2 
 .text.DMA_CalcBaseAndBitshift
                0x08003828       0x44 CMakeFiles/omni-infantry.elf.dir/Drivers/STM32F4xx_HAL_Driver/Src/stm32f4xx_hal_dma.c.obj
 .text.DMA_CheckFifoParam
                0x0800386c       0x8e CMakeFiles/omni-infantry.elf.dir/Drivers/STM32F4xx_HAL_Driver/Src/stm32f4xx_hal_dma.c.obj
 *fill*         0x080038fa        0x2 
 .text.HAL_DMA_Init
                0x080038fc       0xcc CMakeFiles/omni-infantry.elf.dir/Drivers/STM32F4xx_HAL_Driver/Src/stm32f4xx_hal_dma.c.obj
                0x080038fc                HAL_DMA_Init
 .text.HAL_DMA_Start_IT
                0x080039c8       0x6a CMakeFiles/omni-infantry.elf.dir/Drivers/STM32F4xx_HAL_Driver/Src/stm32f4xx_hal_dma.c.obj
                0x080039c8                HAL_DMA_Start_IT
 *fill*         0x08003a32        0x2 
 .text.HAL_DMA_IRQHandler
                0x08003a34      0x1dc CMakeFiles/omni-infantry.elf.dir/Drivers/STM32F4xx_HAL_Driver/Src/stm32f4xx_hal_dma.c.obj
                0x08003a34                HAL_DMA_IRQHandler
 .text.HAL_DMA_GetState
                0x08003c10        0x6 CMakeFiles/omni-infantry.elf.dir/Drivers/STM32F4xx_HAL_Driver/Src/stm32f4xx_hal_dma.c.obj
                0x08003c10                HAL_DMA_GetState
 *fill*         0x08003c16        0x2 
 .text.FLASH_Program_DoubleWord
                0x08003c18       0x30 CMakeFiles/omni-infantry.elf.dir/Drivers/STM32F4xx_HAL_Driver/Src/stm32f4xx_hal_flash.c.obj
 .text.FLASH_Program_Word
                0x08003c48       0x24 CMakeFiles/omni-infantry.elf.dir/Drivers/STM32F4xx_HAL_Driver/Src/stm32f4xx_hal_flash.c.obj
 .text.FLASH_Program_HalfWord
                0x08003c6c       0x24 CMakeFiles/omni-infantry.elf.dir/Drivers/STM32F4xx_HAL_Driver/Src/stm32f4xx_hal_flash.c.obj
 .text.FLASH_Program_Byte
                0x08003c90       0x20 CMakeFiles/omni-infantry.elf.dir/Drivers/STM32F4xx_HAL_Driver/Src/stm32f4xx_hal_flash.c.obj
 .text.FLASH_SetErrorCode
                0x08003cb0       0x8c CMakeFiles/omni-infantry.elf.dir/Drivers/STM32F4xx_HAL_Driver/Src/stm32f4xx_hal_flash.c.obj
 .text.HAL_FLASH_Unlock
                0x08003d3c       0x30 CMakeFiles/omni-infantry.elf.dir/Drivers/STM32F4xx_HAL_Driver/Src/stm32f4xx_hal_flash.c.obj
                0x08003d3c                HAL_FLASH_Unlock
 .text.HAL_FLASH_Lock
                0x08003d6c       0x14 CMakeFiles/omni-infantry.elf.dir/Drivers/STM32F4xx_HAL_Driver/Src/stm32f4xx_hal_flash.c.obj
                0x08003d6c                HAL_FLASH_Lock
 .text.FLASH_WaitForLastOperation
                0x08003d80       0x60 CMakeFiles/omni-infantry.elf.dir/Drivers/STM32F4xx_HAL_Driver/Src/stm32f4xx_hal_flash.c.obj
                0x08003d80                FLASH_WaitForLastOperation
 .text.HAL_FLASH_Program
                0x08003de0       0x7c CMakeFiles/omni-infantry.elf.dir/Drivers/STM32F4xx_HAL_Driver/Src/stm32f4xx_hal_flash.c.obj
                0x08003de0                HAL_FLASH_Program
 .text.FLASH_MassErase
                0x08003e5c       0x24 CMakeFiles/omni-infantry.elf.dir/Drivers/STM32F4xx_HAL_Driver/Src/stm32f4xx_hal_flash_ex.c.obj
 .text.FLASH_Erase_Sector
                0x08003e80       0x54 CMakeFiles/omni-infantry.elf.dir/Drivers/STM32F4xx_HAL_Driver/Src/stm32f4xx_hal_flash_ex.c.obj
                0x08003e80                FLASH_Erase_Sector
 .text.FLASH_FlushCaches
                0x08003ed4       0x60 CMakeFiles/omni-infantry.elf.dir/Drivers/STM32F4xx_HAL_Driver/Src/stm32f4xx_hal_flash_ex.c.obj
                0x08003ed4                FLASH_FlushCaches
 .text.HAL_FLASHEx_Erase
                0x08003f34       0x94 CMakeFiles/omni-infantry.elf.dir/Drivers/STM32F4xx_HAL_Driver/Src/stm32f4xx_hal_flash_ex.c.obj
                0x08003f34                HAL_FLASHEx_Erase
 .text.HAL_GPIO_Init
                0x08003fc8      0x1e4 CMakeFiles/omni-infantry.elf.dir/Drivers/STM32F4xx_HAL_Driver/Src/stm32f4xx_hal_gpio.c.obj
                0x08003fc8                HAL_GPIO_Init
 .text.HAL_GPIO_WritePin
                0x080041ac        0xc CMakeFiles/omni-infantry.elf.dir/Drivers/STM32F4xx_HAL_Driver/Src/stm32f4xx_hal_gpio.c.obj
                0x080041ac                HAL_GPIO_WritePin
 .text.HAL_GPIO_EXTI_IRQHandler
                0x080041b8       0x1c CMakeFiles/omni-infantry.elf.dir/Drivers/STM32F4xx_HAL_Driver/Src/stm32f4xx_hal_gpio.c.obj
                0x080041b8                HAL_GPIO_EXTI_IRQHandler
 .text.PCD_WriteEmptyTxFifo
                0x080041d4       0xd0 CMakeFiles/omni-infantry.elf.dir/Drivers/STM32F4xx_HAL_Driver/Src/stm32f4xx_hal_pcd.c.obj
 .text.HAL_PCD_Init
                0x080042a4      0x12e CMakeFiles/omni-infantry.elf.dir/Drivers/STM32F4xx_HAL_Driver/Src/stm32f4xx_hal_pcd.c.obj
                0x080042a4                HAL_PCD_Init
 .text.HAL_PCD_Start
                0x080043d2       0x42 CMakeFiles/omni-infantry.elf.dir/Drivers/STM32F4xx_HAL_Driver/Src/stm32f4xx_hal_pcd.c.obj
                0x080043d2                HAL_PCD_Start
 .text.PCD_EP_OutXfrComplete_int
                0x08004414      0x104 CMakeFiles/omni-infantry.elf.dir/Drivers/STM32F4xx_HAL_Driver/Src/stm32f4xx_hal_pcd.c.obj
 .text.PCD_EP_OutSetupPacket_int
                0x08004518       0x50 CMakeFiles/omni-infantry.elf.dir/Drivers/STM32F4xx_HAL_Driver/Src/stm32f4xx_hal_pcd.c.obj
 .text.HAL_PCD_SetAddress
                0x08004568       0x28 CMakeFiles/omni-infantry.elf.dir/Drivers/STM32F4xx_HAL_Driver/Src/stm32f4xx_hal_pcd.c.obj
                0x08004568                HAL_PCD_SetAddress
 .text.HAL_PCD_EP_Open
                0x08004590       0x8a CMakeFiles/omni-infantry.elf.dir/Drivers/STM32F4xx_HAL_Driver/Src/stm32f4xx_hal_pcd.c.obj
                0x08004590                HAL_PCD_EP_Open
 .text.HAL_PCD_EP_Close
                0x0800461a       0x72 CMakeFiles/omni-infantry.elf.dir/Drivers/STM32F4xx_HAL_Driver/Src/stm32f4xx_hal_pcd.c.obj
                0x0800461a                HAL_PCD_EP_Close
 .text.HAL_PCD_EP_Receive
                0x0800468c       0x5e CMakeFiles/omni-infantry.elf.dir/Drivers/STM32F4xx_HAL_Driver/Src/stm32f4xx_hal_pcd.c.obj
                0x0800468c                HAL_PCD_EP_Receive
 .text.HAL_PCD_EP_GetRxCount
                0x080046ea       0x12 CMakeFiles/omni-infantry.elf.dir/Drivers/STM32F4xx_HAL_Driver/Src/stm32f4xx_hal_pcd.c.obj
                0x080046ea                HAL_PCD_EP_GetRxCount
 .text.HAL_PCD_EP_Transmit
                0x080046fc       0x5e CMakeFiles/omni-infantry.elf.dir/Drivers/STM32F4xx_HAL_Driver/Src/stm32f4xx_hal_pcd.c.obj
                0x080046fc                HAL_PCD_EP_Transmit
 .text.HAL_PCD_EP_SetStall
                0x0800475a       0x88 CMakeFiles/omni-infantry.elf.dir/Drivers/STM32F4xx_HAL_Driver/Src/stm32f4xx_hal_pcd.c.obj
                0x0800475a                HAL_PCD_EP_SetStall
 .text.HAL_PCD_EP_ClrStall
                0x080047e2       0x76 CMakeFiles/omni-infantry.elf.dir/Drivers/STM32F4xx_HAL_Driver/Src/stm32f4xx_hal_pcd.c.obj
                0x080047e2                HAL_PCD_EP_ClrStall
 .text.HAL_PCD_EP_Abort
                0x08004858       0x34 CMakeFiles/omni-infantry.elf.dir/Drivers/STM32F4xx_HAL_Driver/Src/stm32f4xx_hal_pcd.c.obj
                0x08004858                HAL_PCD_EP_Abort
 .text.HAL_PCD_IRQHandler
                0x0800488c      0x5c4 CMakeFiles/omni-infantry.elf.dir/Drivers/STM32F4xx_HAL_Driver/Src/stm32f4xx_hal_pcd.c.obj
                0x0800488c                HAL_PCD_IRQHandler
 .text.HAL_PCDEx_SetTxFiFo
                0x08004e50       0x4c CMakeFiles/omni-infantry.elf.dir/Drivers/STM32F4xx_HAL_Driver/Src/stm32f4xx_hal_pcd_ex.c.obj
                0x08004e50                HAL_PCDEx_SetTxFiFo
 .text.HAL_PCDEx_SetRxFiFo
                0x08004e9c        0x8 CMakeFiles/omni-infantry.elf.dir/Drivers/STM32F4xx_HAL_Driver/Src/stm32f4xx_hal_pcd_ex.c.obj
                0x08004e9c                HAL_PCDEx_SetRxFiFo
 .text.HAL_PCDEx_LPM_Callback
                0x08004ea4        0x2 CMakeFiles/omni-infantry.elf.dir/Drivers/STM32F4xx_HAL_Driver/Src/stm32f4xx_hal_pcd_ex.c.obj
                0x08004ea4                HAL_PCDEx_LPM_Callback
 *fill*         0x08004ea6        0x2 
 .text.HAL_RCC_OscConfig
                0x08004ea8      0x3f8 CMakeFiles/omni-infantry.elf.dir/Drivers/STM32F4xx_HAL_Driver/Src/stm32f4xx_hal_rcc.c.obj
                0x08004ea8                HAL_RCC_OscConfig
 .text.HAL_RCC_GetSysClockFreq
                0x080052a0       0xa4 CMakeFiles/omni-infantry.elf.dir/Drivers/STM32F4xx_HAL_Driver/Src/stm32f4xx_hal_rcc.c.obj
                0x080052a0                HAL_RCC_GetSysClockFreq
 .text.HAL_RCC_ClockConfig
                0x08005344      0x160 CMakeFiles/omni-infantry.elf.dir/Drivers/STM32F4xx_HAL_Driver/Src/stm32f4xx_hal_rcc.c.obj
                0x08005344                HAL_RCC_ClockConfig
 .text.HAL_RCC_GetHCLKFreq
                0x080054a4        0xc CMakeFiles/omni-infantry.elf.dir/Drivers/STM32F4xx_HAL_Driver/Src/stm32f4xx_hal_rcc.c.obj
                0x080054a4                HAL_RCC_GetHCLKFreq
 .text.HAL_RCC_GetPCLK1Freq
                0x080054b0       0x20 CMakeFiles/omni-infantry.elf.dir/Drivers/STM32F4xx_HAL_Driver/Src/stm32f4xx_hal_rcc.c.obj
                0x080054b0                HAL_RCC_GetPCLK1Freq
 .text.HAL_RCC_GetPCLK2Freq
                0x080054d0       0x20 CMakeFiles/omni-infantry.elf.dir/Drivers/STM32F4xx_HAL_Driver/Src/stm32f4xx_hal_rcc.c.obj
                0x080054d0                HAL_RCC_GetPCLK2Freq
 .text.HAL_RNG_Init
                0x080054f0       0x2e CMakeFiles/omni-infantry.elf.dir/Drivers/STM32F4xx_HAL_Driver/Src/stm32f4xx_hal_rng.c.obj
                0x080054f0                HAL_RNG_Init
 *fill*         0x0800551e        0x2 
 .text.SPI_WaitFlagStateUntilTimeout
                0x08005520       0xd4 CMakeFiles/omni-infantry.elf.dir/Drivers/STM32F4xx_HAL_Driver/Src/stm32f4xx_hal_spi.c.obj
 .text.SPI_EndRxTxTransaction
                0x080055f4       0x68 CMakeFiles/omni-infantry.elf.dir/Drivers/STM32F4xx_HAL_Driver/Src/stm32f4xx_hal_spi.c.obj
 .text.HAL_SPI_Init
                0x0800565c       0xbe CMakeFiles/omni-infantry.elf.dir/Drivers/STM32F4xx_HAL_Driver/Src/stm32f4xx_hal_spi.c.obj
                0x0800565c                HAL_SPI_Init
 .text.HAL_SPI_TransmitReceive
                0x0800571a      0x238 CMakeFiles/omni-infantry.elf.dir/Drivers/STM32F4xx_HAL_Driver/Src/stm32f4xx_hal_spi.c.obj
                0x0800571a                HAL_SPI_TransmitReceive
 *fill*         0x08005952        0x2 
 .text.HAL_SPI_Transmit_DMA
                0x08005954       0xe0 CMakeFiles/omni-infantry.elf.dir/Drivers/STM32F4xx_HAL_Driver/Src/stm32f4xx_hal_spi.c.obj
                0x08005954                HAL_SPI_Transmit_DMA
 .text.HAL_SPI_TxHalfCpltCallback
                0x08005a34        0x2 CMakeFiles/omni-infantry.elf.dir/Drivers/STM32F4xx_HAL_Driver/Src/stm32f4xx_hal_spi.c.obj
                0x08005a34                HAL_SPI_TxHalfCpltCallback
 .text.SPI_DMAHalfTransmitCplt
                0x08005a36        0xa CMakeFiles/omni-infantry.elf.dir/Drivers/STM32F4xx_HAL_Driver/Src/stm32f4xx_hal_spi.c.obj
 .text.HAL_SPI_ErrorCallback
                0x08005a40        0x2 CMakeFiles/omni-infantry.elf.dir/Drivers/STM32F4xx_HAL_Driver/Src/stm32f4xx_hal_spi.c.obj
                0x08005a40                HAL_SPI_ErrorCallback
 .text.SPI_DMAError
                0x08005a42       0x22 CMakeFiles/omni-infantry.elf.dir/Drivers/STM32F4xx_HAL_Driver/Src/stm32f4xx_hal_spi.c.obj
 .text.SPI_DMATransmitCplt
                0x08005a64       0x70 CMakeFiles/omni-infantry.elf.dir/Drivers/STM32F4xx_HAL_Driver/Src/stm32f4xx_hal_spi.c.obj
 .text.TIM_OC1_SetConfig
                0x08005ad4       0x68 CMakeFiles/omni-infantry.elf.dir/Drivers/STM32F4xx_HAL_Driver/Src/stm32f4xx_hal_tim.c.obj
 .text.TIM_OC3_SetConfig
                0x08005b3c       0x70 CMakeFiles/omni-infantry.elf.dir/Drivers/STM32F4xx_HAL_Driver/Src/stm32f4xx_hal_tim.c.obj
 .text.TIM_OC4_SetConfig
                0x08005bac       0x50 CMakeFiles/omni-infantry.elf.dir/Drivers/STM32F4xx_HAL_Driver/Src/stm32f4xx_hal_tim.c.obj
 .text.TIM_TI1_ConfigInputStage
                0x08005bfc       0x26 CMakeFiles/omni-infantry.elf.dir/Drivers/STM32F4xx_HAL_Driver/Src/stm32f4xx_hal_tim.c.obj
 .text.TIM_TI2_ConfigInputStage
                0x08005c22       0x28 CMakeFiles/omni-infantry.elf.dir/Drivers/STM32F4xx_HAL_Driver/Src/stm32f4xx_hal_tim.c.obj
 .text.TIM_ITRx_SetConfig
                0x08005c4a       0x10 CMakeFiles/omni-infantry.elf.dir/Drivers/STM32F4xx_HAL_Driver/Src/stm32f4xx_hal_tim.c.obj
 *fill*         0x08005c5a        0x2 
 .text.HAL_TIM_Base_Start
                0x08005c5c       0x7c CMakeFiles/omni-infantry.elf.dir/Drivers/STM32F4xx_HAL_Driver/Src/stm32f4xx_hal_tim.c.obj
                0x08005c5c                HAL_TIM_Base_Start
 .text.TIM_Base_SetConfig
                0x08005cd8       0xc8 CMakeFiles/omni-infantry.elf.dir/Drivers/STM32F4xx_HAL_Driver/Src/stm32f4xx_hal_tim.c.obj
                0x08005cd8                TIM_Base_SetConfig
 .text.HAL_TIM_Base_Init
                0x08005da0       0x58 CMakeFiles/omni-infantry.elf.dir/Drivers/STM32F4xx_HAL_Driver/Src/stm32f4xx_hal_tim.c.obj
                0x08005da0                HAL_TIM_Base_Init
 .text.HAL_TIM_PWM_Init
                0x08005df8       0x58 CMakeFiles/omni-infantry.elf.dir/Drivers/STM32F4xx_HAL_Driver/Src/stm32f4xx_hal_tim.c.obj
                0x08005df8                HAL_TIM_PWM_Init
 .text.TIM_OC2_SetConfig
                0x08005e50       0x70 CMakeFiles/omni-infantry.elf.dir/Drivers/STM32F4xx_HAL_Driver/Src/stm32f4xx_hal_tim.c.obj
                0x08005e50                TIM_OC2_SetConfig
 .text.HAL_TIM_PWM_ConfigChannel
                0x08005ec0       0xdc CMakeFiles/omni-infantry.elf.dir/Drivers/STM32F4xx_HAL_Driver/Src/stm32f4xx_hal_tim.c.obj
                0x08005ec0                HAL_TIM_PWM_ConfigChannel
 .text.TIM_ETR_SetConfig
                0x08005f9c       0x1a CMakeFiles/omni-infantry.elf.dir/Drivers/STM32F4xx_HAL_Driver/Src/stm32f4xx_hal_tim.c.obj
                0x08005f9c                TIM_ETR_SetConfig
 .text.HAL_TIM_ConfigClockSource
                0x08005fb6       0xfe CMakeFiles/omni-infantry.elf.dir/Drivers/STM32F4xx_HAL_Driver/Src/stm32f4xx_hal_tim.c.obj
                0x08005fb6                HAL_TIM_ConfigClockSource
 .text.TIM_CCxChannelCmd
                0x080060b4       0x1e CMakeFiles/omni-infantry.elf.dir/Drivers/STM32F4xx_HAL_Driver/Src/stm32f4xx_hal_tim.c.obj
                0x080060b4                TIM_CCxChannelCmd
 *fill*         0x080060d2        0x2 
 .text.HAL_TIM_PWM_Start
                0x080060d4      0x104 CMakeFiles/omni-infantry.elf.dir/Drivers/STM32F4xx_HAL_Driver/Src/stm32f4xx_hal_tim.c.obj
                0x080060d4                HAL_TIM_PWM_Start
 .text.HAL_TIMEx_MasterConfigSynchronization
                0x080061d8       0x8c CMakeFiles/omni-infantry.elf.dir/Drivers/STM32F4xx_HAL_Driver/Src/stm32f4xx_hal_tim_ex.c.obj
                0x080061d8                HAL_TIMEx_MasterConfigSynchronization
 .text.HAL_TIMEx_ConfigBreakDeadTime
                0x08006264       0x52 CMakeFiles/omni-infantry.elf.dir/Drivers/STM32F4xx_HAL_Driver/Src/stm32f4xx_hal_tim_ex.c.obj
                0x08006264                HAL_TIMEx_ConfigBreakDeadTime
 *fill*         0x080062b6        0x2 
 .text.UART_SetConfig
                0x080062b8      0x110 CMakeFiles/omni-infantry.elf.dir/Drivers/STM32F4xx_HAL_Driver/Src/stm32f4xx_hal_uart.c.obj
 .text.HAL_UART_Init
                0x080063c8       0x5e CMakeFiles/omni-infantry.elf.dir/Drivers/STM32F4xx_HAL_Driver/Src/stm32f4xx_hal_uart.c.obj
                0x080063c8                HAL_UART_Init
 *fill*         0x08006426        0x2 
 .text.USB_CoreReset
                0x08006428       0x50 CMakeFiles/omni-infantry.elf.dir/Drivers/STM32F4xx_HAL_Driver/Src/stm32f4xx_ll_usb.c.obj
 .text.USB_CoreInit
                0x08006478       0x8a CMakeFiles/omni-infantry.elf.dir/Drivers/STM32F4xx_HAL_Driver/Src/stm32f4xx_ll_usb.c.obj
                0x08006478                USB_CoreInit
 *fill*         0x08006502        0x2 
 .text.USB_SetTurnaroundTime
                0x08006504       0xe4 CMakeFiles/omni-infantry.elf.dir/Drivers/STM32F4xx_HAL_Driver/Src/stm32f4xx_ll_usb.c.obj
                0x08006504                USB_SetTurnaroundTime
 .text.USB_EnableGlobalInt
                0x080065e8        0xc CMakeFiles/omni-infantry.elf.dir/Drivers/STM32F4xx_HAL_Driver/Src/stm32f4xx_ll_usb.c.obj
                0x080065e8                USB_EnableGlobalInt
 .text.USB_DisableGlobalInt
                0x080065f4        0xc CMakeFiles/omni-infantry.elf.dir/Drivers/STM32F4xx_HAL_Driver/Src/stm32f4xx_ll_usb.c.obj
                0x080065f4                USB_DisableGlobalInt
 .text.USB_FlushTxFifo
                0x08006600       0x50 CMakeFiles/omni-infantry.elf.dir/Drivers/STM32F4xx_HAL_Driver/Src/stm32f4xx_ll_usb.c.obj
                0x08006600                USB_FlushTxFifo
 .text.USB_FlushRxFifo
                0x08006650       0x4c CMakeFiles/omni-infantry.elf.dir/Drivers/STM32F4xx_HAL_Driver/Src/stm32f4xx_ll_usb.c.obj
                0x08006650                USB_FlushRxFifo
 .text.USB_SetDevSpeed
                0x0800669c        0xe CMakeFiles/omni-infantry.elf.dir/Drivers/STM32F4xx_HAL_Driver/Src/stm32f4xx_ll_usb.c.obj
                0x0800669c                USB_SetDevSpeed
 *fill*         0x080066aa        0x2 
 .text.USB_DevInit
                0x080066ac      0x190 CMakeFiles/omni-infantry.elf.dir/Drivers/STM32F4xx_HAL_Driver/Src/stm32f4xx_ll_usb.c.obj
                0x080066ac                USB_DevInit
 .text.USB_GetDevSpeed
                0x0800683c       0x22 CMakeFiles/omni-infantry.elf.dir/Drivers/STM32F4xx_HAL_Driver/Src/stm32f4xx_ll_usb.c.obj
                0x0800683c                USB_GetDevSpeed
 .text.USB_ActivateEndpoint
                0x0800685e       0x9c CMakeFiles/omni-infantry.elf.dir/Drivers/STM32F4xx_HAL_Driver/Src/stm32f4xx_ll_usb.c.obj
                0x0800685e                USB_ActivateEndpoint
 *fill*         0x080068fa        0x2 
 .text.USB_DeactivateEndpoint
                0x080068fc       0xe0 CMakeFiles/omni-infantry.elf.dir/Drivers/STM32F4xx_HAL_Driver/Src/stm32f4xx_ll_usb.c.obj
                0x080068fc                USB_DeactivateEndpoint
 .text.USB_EP0StartXfer
                0x080069dc      0x124 CMakeFiles/omni-infantry.elf.dir/Drivers/STM32F4xx_HAL_Driver/Src/stm32f4xx_ll_usb.c.obj
                0x080069dc                USB_EP0StartXfer
 .text.USB_EPStopXfer
                0x08006b00       0xbe CMakeFiles/omni-infantry.elf.dir/Drivers/STM32F4xx_HAL_Driver/Src/stm32f4xx_ll_usb.c.obj
                0x08006b00                USB_EPStopXfer
 .text.USB_WritePacket
                0x08006bbe       0x2e CMakeFiles/omni-infantry.elf.dir/Drivers/STM32F4xx_HAL_Driver/Src/stm32f4xx_ll_usb.c.obj
                0x08006bbe                USB_WritePacket
 .text.USB_EPStartXfer
                0x08006bec      0x234 CMakeFiles/omni-infantry.elf.dir/Drivers/STM32F4xx_HAL_Driver/Src/stm32f4xx_ll_usb.c.obj
                0x08006bec                USB_EPStartXfer
 .text.USB_ReadPacket
                0x08006e20       0x54 CMakeFiles/omni-infantry.elf.dir/Drivers/STM32F4xx_HAL_Driver/Src/stm32f4xx_ll_usb.c.obj
                0x08006e20                USB_ReadPacket
 .text.USB_EPSetStall
                0x08006e74       0x5a CMakeFiles/omni-infantry.elf.dir/Drivers/STM32F4xx_HAL_Driver/Src/stm32f4xx_ll_usb.c.obj
                0x08006e74                USB_EPSetStall
 .text.USB_EPClearStall
                0x08006ece       0x5c CMakeFiles/omni-infantry.elf.dir/Drivers/STM32F4xx_HAL_Driver/Src/stm32f4xx_ll_usb.c.obj
                0x08006ece                USB_EPClearStall
 .text.USB_SetDevAddress
                0x08006f2a       0x20 CMakeFiles/omni-infantry.elf.dir/Drivers/STM32F4xx_HAL_Driver/Src/stm32f4xx_ll_usb.c.obj
                0x08006f2a                USB_SetDevAddress
 .text.USB_DevConnect
                0x08006f4a       0x1c CMakeFiles/omni-infantry.elf.dir/Drivers/STM32F4xx_HAL_Driver/Src/stm32f4xx_ll_usb.c.obj
                0x08006f4a                USB_DevConnect
 .text.USB_DevDisconnect
                0x08006f66       0x1c CMakeFiles/omni-infantry.elf.dir/Drivers/STM32F4xx_HAL_Driver/Src/stm32f4xx_ll_usb.c.obj
                0x08006f66                USB_DevDisconnect
 .text.USB_ReadInterrupts
                0x08006f82        0x8 CMakeFiles/omni-infantry.elf.dir/Drivers/STM32F4xx_HAL_Driver/Src/stm32f4xx_ll_usb.c.obj
                0x08006f82                USB_ReadInterrupts
 .text.USB_ReadDevAllOutEpInterrupt
                0x08006f8a       0x10 CMakeFiles/omni-infantry.elf.dir/Drivers/STM32F4xx_HAL_Driver/Src/stm32f4xx_ll_usb.c.obj
                0x08006f8a                USB_ReadDevAllOutEpInterrupt
 .text.USB_ReadDevAllInEpInterrupt
                0x08006f9a       0x10 CMakeFiles/omni-infantry.elf.dir/Drivers/STM32F4xx_HAL_Driver/Src/stm32f4xx_ll_usb.c.obj
                0x08006f9a                USB_ReadDevAllInEpInterrupt
 .text.USB_ReadDevOutEPInterrupt
                0x08006faa       0x12 CMakeFiles/omni-infantry.elf.dir/Drivers/STM32F4xx_HAL_Driver/Src/stm32f4xx_ll_usb.c.obj
                0x08006faa                USB_ReadDevOutEPInterrupt
 .text.USB_ReadDevInEPInterrupt
                0x08006fbc       0x28 CMakeFiles/omni-infantry.elf.dir/Drivers/STM32F4xx_HAL_Driver/Src/stm32f4xx_ll_usb.c.obj
                0x08006fbc                USB_ReadDevInEPInterrupt
 .text.USB_GetMode
                0x08006fe4        0x8 CMakeFiles/omni-infantry.elf.dir/Drivers/STM32F4xx_HAL_Driver/Src/stm32f4xx_ll_usb.c.obj
                0x08006fe4                USB_GetMode
 .text.USB_SetCurrentMode
                0x08006fec       0x62 CMakeFiles/omni-infantry.elf.dir/Drivers/STM32F4xx_HAL_Driver/Src/stm32f4xx_ll_usb.c.obj
                0x08006fec                USB_SetCurrentMode
 .text.USB_ActivateSetup
                0x0800704e       0x20 CMakeFiles/omni-infantry.elf.dir/Drivers/STM32F4xx_HAL_Driver/Src/stm32f4xx_ll_usb.c.obj
                0x0800704e                USB_ActivateSetup
 *fill*         0x0800706e        0x2 
 .text.USB_EP0_OutStart
                0x08007070       0x60 CMakeFiles/omni-infantry.elf.dir/Drivers/STM32F4xx_HAL_Driver/Src/stm32f4xx_ll_usb.c.obj
                0x08007070                USB_EP0_OutStart
 .text.USBD_CDC_EP0_RxReady
                0x080070d0       0x40 CMakeFiles/omni-infantry.elf.dir/Middlewares/ST/STM32_USB_Device_Library/Class/CDC/Src/usbd_cdc.c.obj
 .text.USBD_CDC_GetDeviceQualifierDescriptor
                0x08007110        0xc CMakeFiles/omni-infantry.elf.dir/Middlewares/ST/STM32_USB_Device_Library/Class/CDC/Src/usbd_cdc.c.obj
                0x08007110                USBD_CDC_GetDeviceQualifierDescriptor
 .text.USBD_CDC_GetOtherSpeedCfgDesc
                0x0800711c       0x48 CMakeFiles/omni-infantry.elf.dir/Middlewares/ST/STM32_USB_Device_Library/Class/CDC/Src/usbd_cdc.c.obj
 .text.USBD_CDC_GetFSCfgDesc
                0x08007164       0x48 CMakeFiles/omni-infantry.elf.dir/Middlewares/ST/STM32_USB_Device_Library/Class/CDC/Src/usbd_cdc.c.obj
 .text.USBD_CDC_GetHSCfgDesc
                0x080071ac       0x48 CMakeFiles/omni-infantry.elf.dir/Middlewares/ST/STM32_USB_Device_Library/Class/CDC/Src/usbd_cdc.c.obj
 .text.USBD_CDC_DataOut
                0x080071f4       0x38 CMakeFiles/omni-infantry.elf.dir/Middlewares/ST/STM32_USB_Device_Library/Class/CDC/Src/usbd_cdc.c.obj
 .text.USBD_CDC_DataIn
                0x0800722c       0x7c CMakeFiles/omni-infantry.elf.dir/Middlewares/ST/STM32_USB_Device_Library/Class/CDC/Src/usbd_cdc.c.obj
 .text.USBD_CDC_Setup
                0x080072a8      0x11a CMakeFiles/omni-infantry.elf.dir/Middlewares/ST/STM32_USB_Device_Library/Class/CDC/Src/usbd_cdc.c.obj
 .text.USBD_CDC_DeInit
                0x080073c2       0x64 CMakeFiles/omni-infantry.elf.dir/Middlewares/ST/STM32_USB_Device_Library/Class/CDC/Src/usbd_cdc.c.obj
 .text.USBD_CDC_Init
                0x08007426       0xee CMakeFiles/omni-infantry.elf.dir/Middlewares/ST/STM32_USB_Device_Library/Class/CDC/Src/usbd_cdc.c.obj
 .text.USBD_CDC_RegisterInterface
                0x08007514       0x16 CMakeFiles/omni-infantry.elf.dir/Middlewares/ST/STM32_USB_Device_Library/Class/CDC/Src/usbd_cdc.c.obj
                0x08007514                USBD_CDC_RegisterInterface
 .text.USBD_CDC_SetTxBuffer
                0x0800752a       0x1c CMakeFiles/omni-infantry.elf.dir/Middlewares/ST/STM32_USB_Device_Library/Class/CDC/Src/usbd_cdc.c.obj
                0x0800752a                USBD_CDC_SetTxBuffer
 .text.USBD_CDC_SetRxBuffer
                0x08007546       0x18 CMakeFiles/omni-infantry.elf.dir/Middlewares/ST/STM32_USB_Device_Library/Class/CDC/Src/usbd_cdc.c.obj
                0x08007546                USBD_CDC_SetRxBuffer
 .text.USBD_CDC_TransmitPacket
                0x0800755e       0x3a CMakeFiles/omni-infantry.elf.dir/Middlewares/ST/STM32_USB_Device_Library/Class/CDC/Src/usbd_cdc.c.obj
                0x0800755e                USBD_CDC_TransmitPacket
 .text.USBD_CDC_ReceivePacket
                0x08007598       0x38 CMakeFiles/omni-infantry.elf.dir/Middlewares/ST/STM32_USB_Device_Library/Class/CDC/Src/usbd_cdc.c.obj
                0x08007598                USBD_CDC_ReceivePacket
 .text.USBD_Init
                0x080075d0       0x2e CMakeFiles/omni-infantry.elf.dir/Middlewares/ST/STM32_USB_Device_Library/Core/Src/usbd_core.c.obj
                0x080075d0                USBD_Init
 .text.USBD_RegisterClass
                0x080075fe       0x34 CMakeFiles/omni-infantry.elf.dir/Middlewares/ST/STM32_USB_Device_Library/Core/Src/usbd_core.c.obj
                0x080075fe                USBD_RegisterClass
 .text.USBD_Start
                0x08007632        0x8 CMakeFiles/omni-infantry.elf.dir/Middlewares/ST/STM32_USB_Device_Library/Core/Src/usbd_core.c.obj
                0x08007632                USBD_Start
 .text.USBD_SetClassConfig
                0x0800763a       0x12 CMakeFiles/omni-infantry.elf.dir/Middlewares/ST/STM32_USB_Device_Library/Core/Src/usbd_core.c.obj
                0x0800763a                USBD_SetClassConfig
 .text.USBD_ClrClassConfig
                0x0800764c       0x12 CMakeFiles/omni-infantry.elf.dir/Middlewares/ST/STM32_USB_Device_Library/Core/Src/usbd_core.c.obj
                0x0800764c                USBD_ClrClassConfig
 .text.USBD_LL_SetupStage
                0x0800765e       0x58 CMakeFiles/omni-infantry.elf.dir/Middlewares/ST/STM32_USB_Device_Library/Core/Src/usbd_core.c.obj
                0x0800765e                USBD_LL_SetupStage
 .text.USBD_LL_Reset
                0x080076b6       0x64 CMakeFiles/omni-infantry.elf.dir/Middlewares/ST/STM32_USB_Device_Library/Core/Src/usbd_core.c.obj
                0x080076b6                USBD_LL_Reset
 .text.USBD_LL_SetSpeed
                0x0800771a        0x6 CMakeFiles/omni-infantry.elf.dir/Middlewares/ST/STM32_USB_Device_Library/Core/Src/usbd_core.c.obj
                0x0800771a                USBD_LL_SetSpeed
 .text.USBD_LL_Suspend
                0x08007720       0x14 CMakeFiles/omni-infantry.elf.dir/Middlewares/ST/STM32_USB_Device_Library/Core/Src/usbd_core.c.obj
                0x08007720                USBD_LL_Suspend
 .text.USBD_LL_Resume
                0x08007734       0x1a CMakeFiles/omni-infantry.elf.dir/Middlewares/ST/STM32_USB_Device_Library/Core/Src/usbd_core.c.obj
                0x08007734                USBD_LL_Resume
 .text.USBD_LL_SOF
                0x0800774e       0x22 CMakeFiles/omni-infantry.elf.dir/Middlewares/ST/STM32_USB_Device_Library/Core/Src/usbd_core.c.obj
                0x0800774e                USBD_LL_SOF
 .text.USBD_LL_IsoINIncomplete
                0x08007770       0x2e CMakeFiles/omni-infantry.elf.dir/Middlewares/ST/STM32_USB_Device_Library/Core/Src/usbd_core.c.obj
                0x08007770                USBD_LL_IsoINIncomplete
 .text.USBD_LL_IsoOUTIncomplete
                0x0800779e       0x2e CMakeFiles/omni-infantry.elf.dir/Middlewares/ST/STM32_USB_Device_Library/Core/Src/usbd_core.c.obj
                0x0800779e                USBD_LL_IsoOUTIncomplete
 .text.USBD_LL_DevConnected
                0x080077cc        0x4 CMakeFiles/omni-infantry.elf.dir/Middlewares/ST/STM32_USB_Device_Library/Core/Src/usbd_core.c.obj
                0x080077cc                USBD_LL_DevConnected
 .text.USBD_LL_DevDisconnected
                0x080077d0       0x20 CMakeFiles/omni-infantry.elf.dir/Middlewares/ST/STM32_USB_Device_Library/Core/Src/usbd_core.c.obj
                0x080077d0                USBD_LL_DevDisconnected
 .text.USBD_CoreFindIF
                0x080077f0        0x4 CMakeFiles/omni-infantry.elf.dir/Middlewares/ST/STM32_USB_Device_Library/Core/Src/usbd_core.c.obj
                0x080077f0                USBD_CoreFindIF
 .text.USBD_CoreFindEP
                0x080077f4        0x4 CMakeFiles/omni-infantry.elf.dir/Middlewares/ST/STM32_USB_Device_Library/Core/Src/usbd_core.c.obj
                0x080077f4                USBD_CoreFindEP
 .text.USBD_LL_DataOutStage
                0x080077f8       0xc6 CMakeFiles/omni-infantry.elf.dir/Middlewares/ST/STM32_USB_Device_Library/Core/Src/usbd_core.c.obj
                0x080077f8                USBD_LL_DataOutStage
 .text.USBD_LL_DataInStage
                0x080078be       0xd6 CMakeFiles/omni-infantry.elf.dir/Middlewares/ST/STM32_USB_Device_Library/Core/Src/usbd_core.c.obj
                0x080078be                USBD_LL_DataInStage
 .text.USBD_GetNextDesc
                0x08007994        0xe CMakeFiles/omni-infantry.elf.dir/Middlewares/ST/STM32_USB_Device_Library/Core/Src/usbd_core.c.obj
                0x08007994                USBD_GetNextDesc
 .text.USBD_GetEpDesc
                0x080079a2       0x3e CMakeFiles/omni-infantry.elf.dir/Middlewares/ST/STM32_USB_Device_Library/Core/Src/usbd_core.c.obj
                0x080079a2                USBD_GetEpDesc
 .text.USBD_GetLen
                0x080079e0       0x14 CMakeFiles/omni-infantry.elf.dir/Middlewares/ST/STM32_USB_Device_Library/Core/Src/usbd_ctlreq.c.obj
 .text.USBD_ParseSetupRequest
                0x080079f4       0x28 CMakeFiles/omni-infantry.elf.dir/Middlewares/ST/STM32_USB_Device_Library/Core/Src/usbd_ctlreq.c.obj
                0x080079f4                USBD_ParseSetupRequest
 .text.USBD_CtlError
                0x08007a1c       0x14 CMakeFiles/omni-infantry.elf.dir/Middlewares/ST/STM32_USB_Device_Library/Core/Src/usbd_ctlreq.c.obj
                0x08007a1c                USBD_CtlError
 .text.USBD_GetDescriptor
                0x08007a30      0x18a CMakeFiles/omni-infantry.elf.dir/Middlewares/ST/STM32_USB_Device_Library/Core/Src/usbd_ctlreq.c.obj
 .text.USBD_SetAddress
                0x08007bba       0x50 CMakeFiles/omni-infantry.elf.dir/Middlewares/ST/STM32_USB_Device_Library/Core/Src/usbd_ctlreq.c.obj
 *fill*         0x08007c0a        0x2 
 .text.USBD_SetConfig
                0x08007c0c       0xcc CMakeFiles/omni-infantry.elf.dir/Middlewares/ST/STM32_USB_Device_Library/Core/Src/usbd_ctlreq.c.obj
 .text.USBD_GetConfig
                0x08007cd8       0x40 CMakeFiles/omni-infantry.elf.dir/Middlewares/ST/STM32_USB_Device_Library/Core/Src/usbd_ctlreq.c.obj
 .text.USBD_GetStatus
                0x08007d18       0x38 CMakeFiles/omni-infantry.elf.dir/Middlewares/ST/STM32_USB_Device_Library/Core/Src/usbd_ctlreq.c.obj
 .text.USBD_SetFeature
                0x08007d50       0x2a CMakeFiles/omni-infantry.elf.dir/Middlewares/ST/STM32_USB_Device_Library/Core/Src/usbd_ctlreq.c.obj
 .text.USBD_ClrFeature
                0x08007d7a       0x26 CMakeFiles/omni-infantry.elf.dir/Middlewares/ST/STM32_USB_Device_Library/Core/Src/usbd_ctlreq.c.obj
 .text.USBD_StdDevReq
                0x08007da0       0x76 CMakeFiles/omni-infantry.elf.dir/Middlewares/ST/STM32_USB_Device_Library/Core/Src/usbd_ctlreq.c.obj
                0x08007da0                USBD_StdDevReq
 .text.USBD_StdItfReq
                0x08007e16       0x84 CMakeFiles/omni-infantry.elf.dir/Middlewares/ST/STM32_USB_Device_Library/Core/Src/usbd_ctlreq.c.obj
                0x08007e16                USBD_StdItfReq
 .text.USBD_StdEPReq
                0x08007e9a      0x230 CMakeFiles/omni-infantry.elf.dir/Middlewares/ST/STM32_USB_Device_Library/Core/Src/usbd_ctlreq.c.obj
                0x08007e9a                USBD_StdEPReq
 .text.USBD_GetString
                0x080080ca       0x3a CMakeFiles/omni-infantry.elf.dir/Middlewares/ST/STM32_USB_Device_Library/Core/Src/usbd_ctlreq.c.obj
                0x080080ca                USBD_GetString
 .text.USBD_CtlSendData
                0x08008104       0x1a CMakeFiles/omni-infantry.elf.dir/Middlewares/ST/STM32_USB_Device_Library/Core/Src/usbd_ioreq.c.obj
                0x08008104                USBD_CtlSendData
 .text.USBD_CtlContinueSendData
                0x0800811e       0x10 CMakeFiles/omni-infantry.elf.dir/Middlewares/ST/STM32_USB_Device_Library/Core/Src/usbd_ioreq.c.obj
                0x0800811e                USBD_CtlContinueSendData
 .text.USBD_CtlPrepareRx
                0x0800812e       0x1e CMakeFiles/omni-infantry.elf.dir/Middlewares/ST/STM32_USB_Device_Library/Core/Src/usbd_ioreq.c.obj
                0x0800812e                USBD_CtlPrepareRx
 .text.USBD_CtlContinueRx
                0x0800814c       0x10 CMakeFiles/omni-infantry.elf.dir/Middlewares/ST/STM32_USB_Device_Library/Core/Src/usbd_ioreq.c.obj
                0x0800814c                USBD_CtlContinueRx
 .text.USBD_CtlSendStatus
                0x0800815c       0x16 CMakeFiles/omni-infantry.elf.dir/Middlewares/ST/STM32_USB_Device_Library/Core/Src/usbd_ioreq.c.obj
                0x0800815c                USBD_CtlSendStatus
 .text.USBD_CtlReceiveStatus
                0x08008172       0x16 CMakeFiles/omni-infantry.elf.dir/Middlewares/ST/STM32_USB_Device_Library/Core/Src/usbd_ioreq.c.obj
                0x08008172                USBD_CtlReceiveStatus
 .text.makeFreeRtosPriority
                0x08008188        0xc CMakeFiles/omni-infantry.elf.dir/Middlewares/Third_Party/FreeRTOS/Source/CMSIS_RTOS/cmsis_os.c.obj
 .text.osKernelStart
                0x08008194        0xa CMakeFiles/omni-infantry.elf.dir/Middlewares/Third_Party/FreeRTOS/Source/CMSIS_RTOS/cmsis_os.c.obj
                0x08008194                osKernelStart
 .text.osThreadCreate
                0x0800819e       0x6a CMakeFiles/omni-infantry.elf.dir/Middlewares/Third_Party/FreeRTOS/Source/CMSIS_RTOS/cmsis_os.c.obj
                0x0800819e                osThreadCreate
 .text.osDelay  0x08008208        0xe CMakeFiles/omni-infantry.elf.dir/Middlewares/Third_Party/FreeRTOS/Source/CMSIS_RTOS/cmsis_os.c.obj
                0x08008208                osDelay
 .text.vListInitialise
                0x08008216       0x16 CMakeFiles/omni-infantry.elf.dir/Middlewares/Third_Party/FreeRTOS/Source/list.c.obj
                0x08008216                vListInitialise
 .text.vListInitialiseItem
                0x0800822c        0x6 CMakeFiles/omni-infantry.elf.dir/Middlewares/Third_Party/FreeRTOS/Source/list.c.obj
                0x0800822c                vListInitialiseItem
 .text.vListInsertEnd
                0x08008232       0x16 CMakeFiles/omni-infantry.elf.dir/Middlewares/Third_Party/FreeRTOS/Source/list.c.obj
                0x08008232                vListInsertEnd
 .text.vListInsert
                0x08008248       0x32 CMakeFiles/omni-infantry.elf.dir/Middlewares/Third_Party/FreeRTOS/Source/list.c.obj
                0x08008248                vListInsert
 .text.uxListRemove
                0x0800827a       0x26 CMakeFiles/omni-infantry.elf.dir/Middlewares/Third_Party/FreeRTOS/Source/list.c.obj
                0x0800827a                uxListRemove
 .text.prvTaskExitError
                0x080082a0       0x40 CMakeFiles/omni-infantry.elf.dir/Middlewares/Third_Party/FreeRTOS/Source/portable/GCC/ARM_CM4F/port.c.obj
 .text.prvPortStartFirstTask
                0x080082e0       0x28 CMakeFiles/omni-infantry.elf.dir/Middlewares/Third_Party/FreeRTOS/Source/portable/GCC/ARM_CM4F/port.c.obj
 .text.vPortEnableVFP
                0x08008308       0x14 CMakeFiles/omni-infantry.elf.dir/Middlewares/Third_Party/FreeRTOS/Source/portable/GCC/ARM_CM4F/port.c.obj
 .text.pxPortInitialiseStack
                0x0800831c       0x2c CMakeFiles/omni-infantry.elf.dir/Middlewares/Third_Party/FreeRTOS/Source/portable/GCC/ARM_CM4F/port.c.obj
                0x0800831c                pxPortInitialiseStack
 *fill*         0x08008348        0x8 
 .text.SVC_Handler
                0x08008350       0x24 CMakeFiles/omni-infantry.elf.dir/Middlewares/Third_Party/FreeRTOS/Source/portable/GCC/ARM_CM4F/port.c.obj
                0x08008350                SVC_Handler
 .text.vPortEnterCritical
                0x08008374       0x44 CMakeFiles/omni-infantry.elf.dir/Middlewares/Third_Party/FreeRTOS/Source/portable/GCC/ARM_CM4F/port.c.obj
                0x08008374                vPortEnterCritical
 .text.vPortExitCritical
                0x080083b8       0x2c CMakeFiles/omni-infantry.elf.dir/Middlewares/Third_Party/FreeRTOS/Source/portable/GCC/ARM_CM4F/port.c.obj
                0x080083b8                vPortExitCritical
 *fill*         0x080083e4        0xc 
 .text.PendSV_Handler
                0x080083f0       0x64 CMakeFiles/omni-infantry.elf.dir/Middlewares/Third_Party/FreeRTOS/Source/portable/GCC/ARM_CM4F/port.c.obj
                0x080083f0                PendSV_Handler
 .text.xPortSysTickHandler
                0x08008454       0x2c CMakeFiles/omni-infantry.elf.dir/Middlewares/Third_Party/FreeRTOS/Source/portable/GCC/ARM_CM4F/port.c.obj
                0x08008454                xPortSysTickHandler
 .text.vPortSetupTimerInterrupt
                0x08008480       0x28 CMakeFiles/omni-infantry.elf.dir/Middlewares/Third_Party/FreeRTOS/Source/portable/GCC/ARM_CM4F/port.c.obj
                0x08008480                vPortSetupTimerInterrupt
 .text.xPortStartScheduler
                0x080084a8      0x118 CMakeFiles/omni-infantry.elf.dir/Middlewares/Third_Party/FreeRTOS/Source/portable/GCC/ARM_CM4F/port.c.obj
                0x080084a8                xPortStartScheduler
 .text.vPortValidateInterruptPriority
                0x080085c0       0x5c CMakeFiles/omni-infantry.elf.dir/Middlewares/Third_Party/FreeRTOS/Source/portable/GCC/ARM_CM4F/port.c.obj
                0x080085c0                vPortValidateInterruptPriority
 .text.prvHeapInit
                0x0800861c       0x64 CMakeFiles/omni-infantry.elf.dir/Middlewares/Third_Party/FreeRTOS/Source/portable/MemMang/heap_4.c.obj
 .text.prvInsertBlockIntoFreeList
                0x08008680       0x64 CMakeFiles/omni-infantry.elf.dir/Middlewares/Third_Party/FreeRTOS/Source/portable/MemMang/heap_4.c.obj
 .text.pvPortMalloc
                0x080086e4       0xfc CMakeFiles/omni-infantry.elf.dir/Middlewares/Third_Party/FreeRTOS/Source/portable/MemMang/heap_4.c.obj
                0x080086e4                pvPortMalloc
 .text.vPortFree
                0x080087e0       0x7c CMakeFiles/omni-infantry.elf.dir/Middlewares/Third_Party/FreeRTOS/Source/portable/MemMang/heap_4.c.obj
                0x080087e0                vPortFree
 .text.prvIsQueueFull
                0x0800885c       0x1e CMakeFiles/omni-infantry.elf.dir/Middlewares/Third_Party/FreeRTOS/Source/queue.c.obj
 .text.prvIsQueueEmpty
                0x0800887a       0x1a CMakeFiles/omni-infantry.elf.dir/Middlewares/Third_Party/FreeRTOS/Source/queue.c.obj
 .text.prvCopyDataToQueue
                0x08008894       0x76 CMakeFiles/omni-infantry.elf.dir/Middlewares/Third_Party/FreeRTOS/Source/queue.c.obj
 .text.prvCopyDataFromQueue
                0x0800890a       0x24 CMakeFiles/omni-infantry.elf.dir/Middlewares/Third_Party/FreeRTOS/Source/queue.c.obj
 .text.prvUnlockQueue
                0x0800892e       0x6e CMakeFiles/omni-infantry.elf.dir/Middlewares/Third_Party/FreeRTOS/Source/queue.c.obj
 .text.xQueueGenericReset
                0x0800899c       0x84 CMakeFiles/omni-infantry.elf.dir/Middlewares/Third_Party/FreeRTOS/Source/queue.c.obj
                0x0800899c                xQueueGenericReset
 .text.prvInitialiseNewQueue
                0x08008a20       0x1c CMakeFiles/omni-infantry.elf.dir/Middlewares/Third_Party/FreeRTOS/Source/queue.c.obj
 .text.xQueueGenericCreate
                0x08008a3c       0x48 CMakeFiles/omni-infantry.elf.dir/Middlewares/Third_Party/FreeRTOS/Source/queue.c.obj
                0x08008a3c                xQueueGenericCreate
 .text.xQueueGenericSend
                0x08008a84      0x188 CMakeFiles/omni-infantry.elf.dir/Middlewares/Third_Party/FreeRTOS/Source/queue.c.obj
                0x08008a84                xQueueGenericSend
 .text.xQueueReceive
                0x08008c0c      0x15e CMakeFiles/omni-infantry.elf.dir/Middlewares/Third_Party/FreeRTOS/Source/queue.c.obj
                0x08008c0c                xQueueReceive
 *fill*         0x08008d6a        0x2 
 .text.prvTaskIsTaskSuspended
                0x08008d6c       0x40 CMakeFiles/omni-infantry.elf.dir/Middlewares/Third_Party/FreeRTOS/Source/tasks.c.obj
 .text.prvSearchForNameWithinSingleList
                0x08008dac       0x64 CMakeFiles/omni-infantry.elf.dir/Middlewares/Third_Party/FreeRTOS/Source/tasks.c.obj
 .text.prvResetNextTaskUnblockTime
                0x08008e10       0x2c CMakeFiles/omni-infantry.elf.dir/Middlewares/Third_Party/FreeRTOS/Source/tasks.c.obj
 .text.prvInitialiseNewTask
                0x08008e3c       0xa6 CMakeFiles/omni-infantry.elf.dir/Middlewares/Third_Party/FreeRTOS/Source/tasks.c.obj
 *fill*         0x08008ee2        0x2 
 .text.prvInitialiseTaskLists
                0x08008ee4       0x68 CMakeFiles/omni-infantry.elf.dir/Middlewares/Third_Party/FreeRTOS/Source/tasks.c.obj
 .text.prvAddNewTaskToReadyList
                0x08008f4c       0xa8 CMakeFiles/omni-infantry.elf.dir/Middlewares/Third_Party/FreeRTOS/Source/tasks.c.obj
 .text.prvDeleteTCB
                0x08008ff4       0x38 CMakeFiles/omni-infantry.elf.dir/Middlewares/Third_Party/FreeRTOS/Source/tasks.c.obj
 .text.prvCheckTasksWaitingTermination
                0x0800902c       0x4c CMakeFiles/omni-infantry.elf.dir/Middlewares/Third_Party/FreeRTOS/Source/tasks.c.obj
 .text.prvIdleTask
                0x08009078       0x28 CMakeFiles/omni-infantry.elf.dir/Middlewares/Third_Party/FreeRTOS/Source/tasks.c.obj
 .text.prvAddCurrentTaskToDelayedList
                0x080090a0       0xa0 CMakeFiles/omni-infantry.elf.dir/Middlewares/Third_Party/FreeRTOS/Source/tasks.c.obj
 .text.xTaskCreateStatic
                0x08009140       0x76 CMakeFiles/omni-infantry.elf.dir/Middlewares/Third_Party/FreeRTOS/Source/tasks.c.obj
                0x08009140                xTaskCreateStatic
 .text.xTaskCreate
                0x080091b6       0x68 CMakeFiles/omni-infantry.elf.dir/Middlewares/Third_Party/FreeRTOS/Source/tasks.c.obj
                0x080091b6                xTaskCreate
 *fill*         0x0800921e        0x2 
 .text.vTaskResume
                0x08009220       0x88 CMakeFiles/omni-infantry.elf.dir/Middlewares/Third_Party/FreeRTOS/Source/tasks.c.obj
                0x08009220                vTaskResume
 .text.vTaskStartScheduler
                0x080092a8       0x74 CMakeFiles/omni-infantry.elf.dir/Middlewares/Third_Party/FreeRTOS/Source/tasks.c.obj
                0x080092a8                vTaskStartScheduler
 .text.vTaskSuspendAll
                0x0800931c       0x10 CMakeFiles/omni-infantry.elf.dir/Middlewares/Third_Party/FreeRTOS/Source/tasks.c.obj
                0x0800931c                vTaskSuspendAll
 .text.xTaskGetTickCount
                0x0800932c        0xc CMakeFiles/omni-infantry.elf.dir/Middlewares/Third_Party/FreeRTOS/Source/tasks.c.obj
                0x0800932c                xTaskGetTickCount
 .text.pcTaskGetName
                0x08009338       0x28 CMakeFiles/omni-infantry.elf.dir/Middlewares/Third_Party/FreeRTOS/Source/tasks.c.obj
                0x08009338                pcTaskGetName
 .text.xTaskIncrementTick
                0x08009360      0x118 CMakeFiles/omni-infantry.elf.dir/Middlewares/Third_Party/FreeRTOS/Source/tasks.c.obj
                0x08009360                xTaskIncrementTick
 .text.xTaskResumeAll
                0x08009478       0xf8 CMakeFiles/omni-infantry.elf.dir/Middlewares/Third_Party/FreeRTOS/Source/tasks.c.obj
                0x08009478                xTaskResumeAll
 .text.vTaskDelay
                0x08009570       0x4c CMakeFiles/omni-infantry.elf.dir/Middlewares/Third_Party/FreeRTOS/Source/tasks.c.obj
                0x08009570                vTaskDelay
 .text.xTaskGetHandle
                0x080095bc       0x98 CMakeFiles/omni-infantry.elf.dir/Middlewares/Third_Party/FreeRTOS/Source/tasks.c.obj
                0x080095bc                xTaskGetHandle
 .text.vTaskSwitchContext
                0x08009654       0x98 CMakeFiles/omni-infantry.elf.dir/Middlewares/Third_Party/FreeRTOS/Source/tasks.c.obj
                0x08009654                vTaskSwitchContext
 .text.vTaskPlaceOnEventList
                0x080096ec       0x30 CMakeFiles/omni-infantry.elf.dir/Middlewares/Third_Party/FreeRTOS/Source/tasks.c.obj
                0x080096ec                vTaskPlaceOnEventList
 .text.xTaskRemoveFromEventList
                0x0800971c       0x8c CMakeFiles/omni-infantry.elf.dir/Middlewares/Third_Party/FreeRTOS/Source/tasks.c.obj
                0x0800971c                xTaskRemoveFromEventList
 .text.vTaskInternalSetTimeOutState
                0x080097a8       0x18 CMakeFiles/omni-infantry.elf.dir/Middlewares/Third_Party/FreeRTOS/Source/tasks.c.obj
                0x080097a8                vTaskInternalSetTimeOutState
 .text.xTaskCheckForTimeOut
                0x080097c0       0xa0 CMakeFiles/omni-infantry.elf.dir/Middlewares/Third_Party/FreeRTOS/Source/tasks.c.obj
                0x080097c0                xTaskCheckForTimeOut
 .text.vTaskMissedYield
                0x08009860        0xc CMakeFiles/omni-infantry.elf.dir/Middlewares/Third_Party/FreeRTOS/Source/tasks.c.obj
                0x08009860                vTaskMissedYield
 .text.xTaskGetSchedulerState
                0x0800986c       0x20 CMakeFiles/omni-infantry.elf.dir/Middlewares/Third_Party/FreeRTOS/Source/tasks.c.obj
                0x0800986c                xTaskGetSchedulerState
 .text.xTaskPriorityDisinherit
                0x0800988c       0xb4 CMakeFiles/omni-infantry.elf.dir/Middlewares/Third_Party/FreeRTOS/Source/tasks.c.obj
                0x0800988c                xTaskPriorityDisinherit
 .text.ulTaskNotifyTake
                0x08009940       0x78 CMakeFiles/omni-infantry.elf.dir/Middlewares/Third_Party/FreeRTOS/Source/tasks.c.obj
                0x08009940                ulTaskNotifyTake
 .text.vTaskNotifyGiveFromISR
                0x080099b8       0xd0 CMakeFiles/omni-infantry.elf.dir/Middlewares/Third_Party/FreeRTOS/Source/tasks.c.obj
                0x080099b8                vTaskNotifyGiveFromISR
 .text.MX_USB_DEVICE_Init
                0x08009a88       0x54 CMakeFiles/omni-infantry.elf.dir/USB_DEVICE/App/usb_device.c.obj
                0x08009a88                MX_USB_DEVICE_Init
 .text.CDC_DeInit_FS
                0x08009adc        0x4 CMakeFiles/omni-infantry.elf.dir/USB_DEVICE/App/usbd_cdc_if.c.obj
 .text.CDC_Control_FS
                0x08009ae0        0x4 CMakeFiles/omni-infantry.elf.dir/USB_DEVICE/App/usbd_cdc_if.c.obj
 .text.CDC_TransmitCplt_FS
                0x08009ae4        0x4 CMakeFiles/omni-infantry.elf.dir/USB_DEVICE/App/usbd_cdc_if.c.obj
 .text.CDC_Receive_FS
                0x08009ae8       0x24 CMakeFiles/omni-infantry.elf.dir/USB_DEVICE/App/usbd_cdc_if.c.obj
 .text.CDC_Init_FS
                0x08009b0c       0x28 CMakeFiles/omni-infantry.elf.dir/USB_DEVICE/App/usbd_cdc_if.c.obj
 .text.CDC_Transmit_FS
                0x08009b34       0x2c CMakeFiles/omni-infantry.elf.dir/USB_DEVICE/App/usbd_cdc_if.c.obj
                0x08009b34                CDC_Transmit_FS
 .text.USBD_FS_DeviceDescriptor
                0x08009b60        0xc CMakeFiles/omni-infantry.elf.dir/USB_DEVICE/App/usbd_desc.c.obj
                0x08009b60                USBD_FS_DeviceDescriptor
 .text.USBD_FS_LangIDStrDescriptor
                0x08009b6c        0xc CMakeFiles/omni-infantry.elf.dir/USB_DEVICE/App/usbd_desc.c.obj
                0x08009b6c                USBD_FS_LangIDStrDescriptor
 .text.IntToUnicode
                0x08009b78       0x46 CMakeFiles/omni-infantry.elf.dir/USB_DEVICE/App/usbd_desc.c.obj
 *fill*         0x08009bbe        0x2 
 .text.Get_SerialNum
                0x08009bc0       0x38 CMakeFiles/omni-infantry.elf.dir/USB_DEVICE/App/usbd_desc.c.obj
 .text.USBD_FS_SerialStrDescriptor
                0x08009bf8       0x14 CMakeFiles/omni-infantry.elf.dir/USB_DEVICE/App/usbd_desc.c.obj
                0x08009bf8                USBD_FS_SerialStrDescriptor
 .text.USBD_FS_ProductStrDescriptor
                0x08009c0c       0x24 CMakeFiles/omni-infantry.elf.dir/USB_DEVICE/App/usbd_desc.c.obj
                0x08009c0c                USBD_FS_ProductStrDescriptor
 .text.USBD_FS_ManufacturerStrDescriptor
                0x08009c30       0x1c CMakeFiles/omni-infantry.elf.dir/USB_DEVICE/App/usbd_desc.c.obj
                0x08009c30                USBD_FS_ManufacturerStrDescriptor
 .text.USBD_FS_ConfigStrDescriptor
                0x08009c4c       0x24 CMakeFiles/omni-infantry.elf.dir/USB_DEVICE/App/usbd_desc.c.obj
                0x08009c4c                USBD_FS_ConfigStrDescriptor
 .text.USBD_FS_InterfaceStrDescriptor
                0x08009c70       0x24 CMakeFiles/omni-infantry.elf.dir/USB_DEVICE/App/usbd_desc.c.obj
                0x08009c70                USBD_FS_InterfaceStrDescriptor
 .text.HAL_PCD_MspInit
                0x08009c94       0x84 CMakeFiles/omni-infantry.elf.dir/USB_DEVICE/Target/usbd_conf.c.obj
                0x08009c94                HAL_PCD_MspInit
 .text.HAL_PCD_SetupStageCallback
                0x08009d18       0x10 CMakeFiles/omni-infantry.elf.dir/USB_DEVICE/Target/usbd_conf.c.obj
                0x08009d18                HAL_PCD_SetupStageCallback
 .text.HAL_PCD_DataOutStageCallback
                0x08009d28       0x18 CMakeFiles/omni-infantry.elf.dir/USB_DEVICE/Target/usbd_conf.c.obj
                0x08009d28                HAL_PCD_DataOutStageCallback
 .text.HAL_PCD_DataInStageCallback
                0x08009d40       0x16 CMakeFiles/omni-infantry.elf.dir/USB_DEVICE/Target/usbd_conf.c.obj
                0x08009d40                HAL_PCD_DataInStageCallback
 .text.HAL_PCD_SOFCallback
                0x08009d56        0xc CMakeFiles/omni-infantry.elf.dir/USB_DEVICE/Target/usbd_conf.c.obj
                0x08009d56                HAL_PCD_SOFCallback
 .text.HAL_PCD_ResetCallback
                0x08009d62       0x2c CMakeFiles/omni-infantry.elf.dir/USB_DEVICE/Target/usbd_conf.c.obj
                0x08009d62                HAL_PCD_ResetCallback
 *fill*         0x08009d8e        0x2 
 .text.HAL_PCD_SuspendCallback
                0x08009d90       0x30 CMakeFiles/omni-infantry.elf.dir/USB_DEVICE/Target/usbd_conf.c.obj
                0x08009d90                HAL_PCD_SuspendCallback
 .text.HAL_PCD_ResumeCallback
                0x08009dc0        0xc CMakeFiles/omni-infantry.elf.dir/USB_DEVICE/Target/usbd_conf.c.obj
                0x08009dc0                HAL_PCD_ResumeCallback
 .text.HAL_PCD_ISOOUTIncompleteCallback
                0x08009dcc        0xc CMakeFiles/omni-infantry.elf.dir/USB_DEVICE/Target/usbd_conf.c.obj
                0x08009dcc                HAL_PCD_ISOOUTIncompleteCallback
 .text.HAL_PCD_ISOINIncompleteCallback
                0x08009dd8        0xc CMakeFiles/omni-infantry.elf.dir/USB_DEVICE/Target/usbd_conf.c.obj
                0x08009dd8                HAL_PCD_ISOINIncompleteCallback
 .text.HAL_PCD_ConnectCallback
                0x08009de4        0xc CMakeFiles/omni-infantry.elf.dir/USB_DEVICE/Target/usbd_conf.c.obj
                0x08009de4                HAL_PCD_ConnectCallback
 .text.HAL_PCD_DisconnectCallback
                0x08009df0        0xc CMakeFiles/omni-infantry.elf.dir/USB_DEVICE/Target/usbd_conf.c.obj
                0x08009df0                HAL_PCD_DisconnectCallback
 .text.USBD_LL_Init
                0x08009dfc       0x68 CMakeFiles/omni-infantry.elf.dir/USB_DEVICE/Target/usbd_conf.c.obj
                0x08009dfc                USBD_LL_Init
 .text.USBD_LL_IsStallEP
                0x08009e64       0x2e CMakeFiles/omni-infantry.elf.dir/USB_DEVICE/Target/usbd_conf.c.obj
                0x08009e64                USBD_LL_IsStallEP
 .text.USBD_LL_GetRxDataSize
                0x08009e92        0xc CMakeFiles/omni-infantry.elf.dir/USB_DEVICE/Target/usbd_conf.c.obj
                0x08009e92                USBD_LL_GetRxDataSize
 *fill*         0x08009e9e        0x2 
 .text.USBD_static_malloc
                0x08009ea0        0x8 CMakeFiles/omni-infantry.elf.dir/USB_DEVICE/Target/usbd_conf.c.obj
                0x08009ea0                USBD_static_malloc
 .text.USBD_static_free
                0x08009ea8        0x2 CMakeFiles/omni-infantry.elf.dir/USB_DEVICE/Target/usbd_conf.c.obj
                0x08009ea8                USBD_static_free
 .text.USBD_Get_USB_Status
                0x08009eaa       0x14 CMakeFiles/omni-infantry.elf.dir/USB_DEVICE/Target/usbd_conf.c.obj
                0x08009eaa                USBD_Get_USB_Status
 .text.USBD_LL_Start
                0x08009ebe       0x10 CMakeFiles/omni-infantry.elf.dir/USB_DEVICE/Target/usbd_conf.c.obj
                0x08009ebe                USBD_LL_Start
 .text.USBD_LL_OpenEP
                0x08009ece       0x16 CMakeFiles/omni-infantry.elf.dir/USB_DEVICE/Target/usbd_conf.c.obj
                0x08009ece                USBD_LL_OpenEP
 .text.USBD_LL_CloseEP
                0x08009ee4       0x10 CMakeFiles/omni-infantry.elf.dir/USB_DEVICE/Target/usbd_conf.c.obj
                0x08009ee4                USBD_LL_CloseEP
 .text.USBD_LL_StallEP
                0x08009ef4       0x10 CMakeFiles/omni-infantry.elf.dir/USB_DEVICE/Target/usbd_conf.c.obj
                0x08009ef4                USBD_LL_StallEP
 .text.USBD_LL_ClearStallEP
                0x08009f04       0x10 CMakeFiles/omni-infantry.elf.dir/USB_DEVICE/Target/usbd_conf.c.obj
                0x08009f04                USBD_LL_ClearStallEP
 .text.USBD_LL_SetUSBAddress
                0x08009f14       0x10 CMakeFiles/omni-infantry.elf.dir/USB_DEVICE/Target/usbd_conf.c.obj
                0x08009f14                USBD_LL_SetUSBAddress
 .text.USBD_LL_Transmit
                0x08009f24       0x10 CMakeFiles/omni-infantry.elf.dir/USB_DEVICE/Target/usbd_conf.c.obj
                0x08009f24                USBD_LL_Transmit
 .text.USBD_LL_PrepareReceive
                0x08009f34       0x10 CMakeFiles/omni-infantry.elf.dir/USB_DEVICE/Target/usbd_conf.c.obj
                0x08009f34                USBD_LL_PrepareReceive
 .text.imu_cali_slove
                0x08009f44       0xbc CMakeFiles/omni-infantry.elf.dir/application/Atti.c.obj
 .text.imu_temp_control
                0x0800a000       0xa0 CMakeFiles/omni-infantry.elf.dir/application/Atti.c.obj
 .text.imu_cmd_spi_dma
                0x0800a0a0      0x180 CMakeFiles/omni-infantry.elf.dir/application/Atti.c.obj
 .text.INS_task
                0x0800a220      0x264 CMakeFiles/omni-infantry.elf.dir/application/Atti.c.obj
                0x0800a220                INS_task
 .text.gyro_offset_calc
                0x0800a484       0x54 CMakeFiles/omni-infantry.elf.dir/application/Atti.c.obj
                0x0800a484                gyro_offset_calc
 .text.INS_cali_gyro
                0x0800a4d8       0x48 CMakeFiles/omni-infantry.elf.dir/application/Atti.c.obj
                0x0800a4d8                INS_cali_gyro
 .text.INS_set_cali_gyro
                0x0800a520       0x28 CMakeFiles/omni-infantry.elf.dir/application/Atti.c.obj
                0x0800a520                INS_set_cali_gyro
 .text.HAL_GPIO_EXTI_Callback
                0x0800a548       0x94 CMakeFiles/omni-infantry.elf.dir/application/Atti.c.obj
                0x0800a548                HAL_GPIO_EXTI_Callback
 .text.DMA2_Stream2_IRQHandler
                0x0800a5dc      0x6b0 CMakeFiles/omni-infantry.elf.dir/application/Atti.c.obj
                0x0800a5dc                DMA2_Stream2_IRQHandler
 .text.cali_gimbal_hook
                0x0800ac8c       0x1a CMakeFiles/omni-infantry.elf.dir/application/Calibrate.c.obj
 *fill*         0x0800aca6        0x2 
 .text.cali_gyro_hook
                0x0800aca8       0x58 CMakeFiles/omni-infantry.elf.dir/application/Calibrate.c.obj
 .text.cali_head_hook